 ImageMosaic

 Timestamp is 56d1d5d1 (Sat Feb 27 11:58:57 2016)

 Preferred load address is 00400000

 Start         Length     Name                   Class
 0001:00000000 00003a54H .text$di                CODE
 0001:00003a60 0003fbb1H .text$mn                CODE
 0001:00043620 00002ad7H .text$x                 CODE
 0001:00046100 00001256H .text$yd                CODE
 0002:00000000 00000104H .CRT$XCA                DATA
 0002:00000104 00000104H .CRT$XCAA               DATA
 0002:00000208 00000109H .CRT$XCL                DATA
 0002:00000314 000001bcH .CRT$XCU                DATA
 0002:000004d0 00000104H .CRT$XCZ                DATA
 0002:000005d4 00000104H .CRT$XIA                DATA
 0002:000006d8 00000104H .CRT$XIAA               DATA
 0002:000007dc 00000104H .CRT$XIC                DATA
 0002:000008e0 00000104H .CRT$XIY                DATA
 0002:000009e4 00000104H .CRT$XIZ                DATA
 0002:00000af0 00007deeH .rdata                  DATA
 0002:000088e0 00000208H .rdata$debug            DATA
 0002:00008ae8 000007e7H .rdata$r                DATA
 0002:000092d0 000002abH .rdata$sxdata           DATA
 0002:0000957c 00000104H .rtc$IAA                DATA
 0002:00009680 0000012bH .rtc$IMZ                DATA
 0002:000097ac 00000104H .rtc$IZZ                DATA
 0002:000098b0 00000104H .rtc$TAA                DATA
 0002:000099b4 0000012bH .rtc$TMZ                DATA
 0002:00009ae0 00000104H .rtc$TZZ                DATA
 0002:00009be8 00001d14H .xdata$x                DATA
 0002:0000b8fc 00000104H ATL$__a                 DATA
 0002:0000ba00 00000104H ATL$__z                 DATA
 0002:0000bb04 00000000H .edata                  DATA
 0003:00000000 0000014cH .data                   DATA
 0003:0000014c 00000397H .data$r                 DATA
 0003:000004e8 00002f8dH .bss                    DATA
 0004:00000000 00000878H .idata$5                DATA
 0004:00000878 000000c8H .idata$2                DATA
 0004:00000940 00000014H .idata$3                DATA
 0004:00000954 00000878H .idata$4                DATA
 0004:000011cc 00000d45H .idata$6                DATA
 0005:00000000 00000559H .rsrc$01                DATA
 0005:00000560 00007206H .rsrc$02                DATA

  Address         Publics by Value              Rva+Base       Lib:Object

 0000:00000000       ___guard_flags             00000000     <absolute>
 0000:00000000       ___guard_fids_count        00000000     <absolute>
 0000:00000000       __except_list              00000000     <absolute>
 0000:00000000       ___guard_fids_table        00000000     <absolute>
 0000:00000059       ___safe_se_handler_count   00000059     <absolute>
 0000:00009876       __ldused                   00009876     <absolute>
 0000:00009876       __fltused                  00009876     <absolute>
 0000:00000000       ___ImageBase               00400000     <linker-defined>
 0001:00003a60       ?_GetBaseClass@AftRegDlg@@KGPAUCRuntimeClass@@XZ 00404a60 f   AftRegDlg.obj
 0001:00003a80       ?GetThisClass@AftRegDlg@@SGPAUCRuntimeClass@@XZ 00404a80 f   AftRegDlg.obj
 0001:00003a90       ?GetRuntimeClass@AftRegDlg@@UBEPAUCRuntimeClass@@XZ 00404a90 f   AftRegDlg.obj
 0001:00003ab0       ??0AftRegDlg@@QAE@XZ       00404ab0 f   AftRegDlg.obj
 0001:00003b50       ??0AftRegDlg@@QAE@PAVCWnd@@AAVCImage@ATL@@@Z 00404b50 f   AftRegDlg.obj
 0001:00003c30       ??1AftRegDlg@@UAE@XZ       00404c30 f   AftRegDlg.obj
 0001:00003cc0       ?DoDataExchange@AftRegDlg@@MAEXPAVCDataExchange@@@Z 00404cc0 f   AftRegDlg.obj
 0001:00003d10       ?OnInitDialog@AftRegDlg@@MAEHXZ 00404d10 f   AftRegDlg.obj
 0001:00003e80       ?GetThisMessageMap@AftRegDlg@@KGPBUAFX_MSGMAP@@XZ 00404e80 f   AftRegDlg.obj
 0001:00003e90       ?GetMessageMap@AftRegDlg@@MBEPBUAFX_MSGMAP@@XZ 00404e90 f   AftRegDlg.obj
 0001:00003ec0       ?Imagesave@AftRegDlg@@QAEXXZ 00404ec0 f   AftRegDlg.obj
 0001:00004230       ?OnClose@AftRegDlg@@QAEXXZ 00405230 f   AftRegDlg.obj
 0001:00004270       ?PostNcDestroy@AftRegDlg@@UAEXXZ 00405270 f   AftRegDlg.obj
 0001:000042e0       ?Cancel@AftRegDlg@@QAEXXZ  004052e0 f   AftRegDlg.obj
 0001:00004320       ?imageCopy@AftRegDlg@@QAEXAAVCImage@ATL@@0@Z 00405320 f   AftRegDlg.obj
 0001:000044b0       ?OnPaint@AftRegDlg@@IAEXXZ 004054b0 f   AftRegDlg.obj
 0001:00004640       ?CalImageLocation2@AftRegDlg@@QAEXXZ 00405640 f   AftRegDlg.obj
 0001:000049a0       ??$AtlAdd@K@ATL@@YAJPAKKK@Z 004059a0 f i AftRegDlg.obj
 0001:000049e0       ??$AtlAddThrow@K@ATL@@YAKKK@Z 004059e0 f i AftRegDlg.obj
 0001:00004a80       ??$AtlMultiply@I@ATL@@YAJPAIII@Z 00405a80 f i AftRegDlg.obj
 0001:00004af0       ??0?$CAtlSafeAllocBufferManager@VCCRTAllocator@ATL@@@_ATL_SAFE_ALLOCA_IMPL@ATL@@QAE@XZ 00405af0 f i AftRegDlg.obj
 0001:00004b20       ??0?$CHeapPtr@_WVCCRTAllocator@ATL@@@ATL@@QAE@XZ 00405b20 f i AftRegDlg.obj
 0001:00004b50       ??0?$CHeapPtrBase@_WVCCRTAllocator@ATL@@@ATL@@IAE@XZ 00405b50 f i AftRegDlg.obj
 0001:00004b80       ??0?$CTraceCategoryEx@$0CAAA@$0A@@ATL@@QAE@PB_W@Z 00405b80 f i AftRegDlg.obj
 0001:00004bc0       ??0?$CTraceCategoryEx@$0CAAAA@$0A@@ATL@@QAE@PB_W@Z 00405bc0 f i AftRegDlg.obj
 0001:00004c00       ??0?$CW2CWEX@$0IA@@ATL@@QAE@PB_W@Z 00405c00 f i AftRegDlg.obj
 0001:00004c30       ??0Bitmap@Gdiplus@@QAE@HHHHPAE@Z 00405c30 f i AftRegDlg.obj
 0001:00004d50       ??0Bitmap@Gdiplus@@QAE@PAUHBITMAP__@@PAUHPALETTE__@@@Z 00405d50 f i AftRegDlg.obj
 0001:00004e60       ??0CDCCache@CImage@ATL@@QAE@XZ 00405e60 f i AftRegDlg.obj
 0001:00004ec0       ??0CImage@ATL@@QAE@XZ      00405ec0 f i AftRegDlg.obj
 0001:00004fa0       ??0CInitGDIPlus@CImage@ATL@@QAE@XZ 00405fa0 f i AftRegDlg.obj
 0001:00005030       ??0CRect@@QAE@XZ           00406030 f i AftRegDlg.obj
 0001:00005080       ??0CTraceFileAndLineInfo@ATL@@QAE@PBDH@Z 00406080 f i AftRegDlg.obj
 0001:000050c0       ??0GdiplusStartupInput@Gdiplus@@QAE@P6GXW4DebugEventLevel@1@PAD@ZHH@Z 004060c0 f i AftRegDlg.obj
 0001:00005110       ??0Image@Gdiplus@@IAE@PAVGpImage@1@W4Status@1@@Z 00406110 f i AftRegDlg.obj
 0001:00005160       ??0Image@Gdiplus@@IAE@XZ   00406160 f i AftRegDlg.obj
 0001:00005190       ??1?$CAtlSafeAllocBufferManager@VCCRTAllocator@ATL@@@_ATL_SAFE_ALLOCA_IMPL@ATL@@QAE@XZ 00406190 f i AftRegDlg.obj
 0001:00005200       ??1?$CHeapPtr@_WVCCRTAllocator@ATL@@@ATL@@QAE@XZ 00406200 f i AftRegDlg.obj
 0001:00005230       ??1?$CHeapPtrBase@_WVCCRTAllocator@ATL@@@ATL@@QAE@XZ 00406230 f i AftRegDlg.obj
 0001:00005260       ??1?$CW2CWEX@$0IA@@ATL@@QAE@XZ 00406260 f i AftRegDlg.obj
 0001:00005280       ??1Bitmap@Gdiplus@@UAE@XZ  00406280 f i AftRegDlg.obj
 0001:000052b0       ??1CDCCache@CImage@ATL@@QAE@XZ 004062b0 f i AftRegDlg.obj
 0001:00005330       ??1CImage@ATL@@UAE@XZ      00406330 f i AftRegDlg.obj
 0001:00005380       ??1CInitGDIPlus@CImage@ATL@@QAE@XZ 00406380 f i AftRegDlg.obj
 0001:000053d0       ??1Image@Gdiplus@@UAE@XZ   004063d0 f i AftRegDlg.obj
 0001:00005410       ??2GdiplusBase@Gdiplus@@SAPAXI@Z 00406410 f i AftRegDlg.obj
 0001:00005430       ??3GdiplusBase@Gdiplus@@SAXPAX@Z 00406430 f i AftRegDlg.obj
 0001:00005450       ??B?$CHeapPtrBase@_WVCCRTAllocator@ATL@@@ATL@@QBEPA_WXZ 00406450 f i AftRegDlg.obj
 0001:00005470       ??B?$CTraceCategoryEx@$0CAAA@$0A@@ATL@@QAEIXZ 00406470 f i AftRegDlg.obj
 0001:00005490       ??B?$CW2CWEX@$0IA@@ATL@@QBEPB_WXZ 00406490 f i AftRegDlg.obj
 0001:000054b0       ??HATL@@YA?AV?$CStringT@_WV?$StrTraitMFC_DLL@_WV?$ChTraitsCRT@_W@ATL@@@@@0@ABV10@0@Z 004064b0 f i AftRegDlg.obj
 0001:00005660       ??HATL@@YA?AV?$CStringT@_WV?$StrTraitMFC_DLL@_WV?$ChTraitsCRT@_W@ATL@@@@@0@ABV10@PB_W@Z 00406660 f i AftRegDlg.obj
 0001:00005800       ??RCTraceFileAndLineInfo@ATL@@QBAXHIPB_WZZ 00406800 f i AftRegDlg.obj
 0001:00005860       ??_EAftRegDlg@@UAEPAXI@Z   00406860 f i AftRegDlg.obj
 0001:00005860       ??_GAftRegDlg@@UAEPAXI@Z   00406860 f i AftRegDlg.obj
 0001:000058b0       ??_EBitmap@Gdiplus@@UAEPAXI@Z 004068b0 f i AftRegDlg.obj
 0001:000058b0       ??_GBitmap@Gdiplus@@UAEPAXI@Z 004068b0 f i AftRegDlg.obj
 0001:00005900       ??_ECImage@ATL@@UAEPAXI@Z  00406900 f i AftRegDlg.obj
 0001:00005900       ??_GCImage@ATL@@UAEPAXI@Z  00406900 f i AftRegDlg.obj
 0001:00005950       ??_EImage@Gdiplus@@UAEPAXI@Z 00406950 f i AftRegDlg.obj
 0001:00005950       ??_GImage@Gdiplus@@UAEPAXI@Z 00406950 f i AftRegDlg.obj
 0001:000059a0       ??_H@YGXPAXIHP6EPAX0@Z@Z   004069a0 f i AftRegDlg.obj
 0001:000059f0       ?AfxCrtErrorCheck@@YAHH@Z  004069f0 f i AftRegDlg.obj
 0001:00005ad0       ?Allocate@?$CAtlSafeAllocBufferManager@VCCRTAllocator@ATL@@@_ATL_SAFE_ALLOCA_IMPL@ATL@@QAEPAXK@Z 00406ad0 f i AftRegDlg.obj
 0001:00005b50       ?Allocate@?$CHeapPtr@_WVCCRTAllocator@ATL@@@ATL@@QAE_NI@Z 00406b50 f i AftRegDlg.obj
 0001:00005c00       ?Allocate@CCRTAllocator@ATL@@SAPAXI@Z 00406c00 f i AftRegDlg.obj
 0001:00005c30       ?AllocateBytes@?$CHeapPtrBase@_WVCCRTAllocator@ATL@@@ATL@@QAE_NI@Z 00406c30 f i AftRegDlg.obj
 0001:00005cd0       ?AtlThrowImpl@ATL@@YGXJ@Z  00406cd0 f i AftRegDlg.obj
 0001:00005d60       ?Attach@CImage@ATL@@QAEXPAUHBITMAP__@@W4DIBOrientation@12@@Z 00406d60 f i AftRegDlg.obj
 0001:00005e40       ?CImageStaticInitialize@CImage@ATL@@CA_NXZ 00406e40 f i AftRegDlg.obj
 0001:00005e60       ?Clone@Image@Gdiplus@@UAEPAV12@XZ 00406e60 f i AftRegDlg.obj
 0001:00005fa0       ?ComputePitch@CImage@ATL@@CAHHH@Z 00406fa0 f i AftRegDlg.obj
 0001:00005fd0       ?Create@CImage@ATL@@QAEHHHHK@Z 00406fd0 f i AftRegDlg.obj
 0001:00006020       ?CreateEx@CImage@ATL@@QAEHHHHKPBKK@Z 00407020 f i AftRegDlg.obj
 0001:000063f0       ?DecreaseCImageCount@CInitGDIPlus@CImage@ATL@@QAEXXZ 004073f0 f i AftRegDlg.obj
 0001:00006490       ?Destroy@CImage@ATL@@QAEXXZ 00407490 f i AftRegDlg.obj
 0001:00006500       ?Detach@CImage@ATL@@QAEPAUHBITMAP__@@XZ 00407500 f i AftRegDlg.obj
 0001:00006650       ?FindCodecForExtension@CImage@ATL@@CA?AU_GUID@@PB_WPBVImageCodecInfo@Gdiplus@@I@Z 00407650 f i AftRegDlg.obj
 0001:000069e0       ?FindCodecForFileType@CImage@ATL@@CA?AU_GUID@@ABU3@PBVImageCodecInfo@Gdiplus@@I@Z 004079e0 f i AftRegDlg.obj
 0001:00006ab0       ?Free@?$CHeapPtrBase@_WVCCRTAllocator@ATL@@@ATL@@QAEXXZ 00407ab0 f i AftRegDlg.obj
 0001:00006af0       ?Free@CCRTAllocator@ATL@@SAXPAX@Z 00407af0 f i AftRegDlg.obj
 0001:00006b20       ?GetBPP@CImage@ATL@@QBEHXZ 00407b20 f i AftRegDlg.obj
 0001:00006ba0       ?GetBits@CImage@ATL@@QAEPAXXZ 00407ba0 f i AftRegDlg.obj
 0001:00006c70       ?GetCDCCacheInstance@CImage@ATL@@CAPAVCDCCache@12@XZ 00407c70 f i AftRegDlg.obj
 0001:00006cd0       ?GetCategoryName@CTrace@ATL@@CAPA_WI@Z 00407cd0 f i AftRegDlg.obj
 0001:00006d40       ?GetColorTable@CImage@ATL@@QBEXIIPAUtagRGBQUAD@@@Z 00407d40 f i AftRegDlg.obj
 0001:00006e90       ?GetDC@CDCCache@CImage@ATL@@QAEPAUHDC__@@XZ 00407e90 f i AftRegDlg.obj
 0001:00006f30       ?GetDC@CImage@ATL@@QBEPAUHDC__@@XZ 00407f30 f i AftRegDlg.obj
 0001:00007010       ?GetData@CAtlSafeAllocBufferNode@?$CAtlSafeAllocBufferManager@VCCRTAllocator@ATL@@@_ATL_SAFE_ALLOCA_IMPL@ATL@@QAEPAXXZ 00408010 f i AftRegDlg.obj
 0001:00007030       ?GetHeight@CImage@ATL@@QBEHXZ 00408030 f i AftRegDlg.obj
 0001:000070b0       ?GetImageEncoders@Gdiplus@@YA?AW4Status@1@IIPAVImageCodecInfo@1@@Z 004080b0 f i AftRegDlg.obj
 0001:000070e0       ?GetImageEncodersSize@Gdiplus@@YA?AW4Status@1@PAI0@Z 004080e0 f i AftRegDlg.obj
 0001:00007100       ?GetInitGDIPlusInstance@CImage@ATL@@CAPAVCInitGDIPlus@12@XZ 00408100 f i AftRegDlg.obj
 0001:00007160       ?GetPitch@CImage@ATL@@QBEHXZ 00408160 f i AftRegDlg.obj
 0001:00007230       ?GetWidth@CImage@ATL@@QBEHXZ 00408230 f i AftRegDlg.obj
 0001:000072b0       ?Height@CRect@@QBEHXZ      004082b0 f i AftRegDlg.obj
 0001:000072e0       ?IncreaseCImageCount@CInitGDIPlus@CImage@ATL@@QAEXXZ 004082e0 f i AftRegDlg.obj
 0001:00007350       ?Init@CInitGDIPlus@CImage@ATL@@QAE_NXZ 00408350 f i AftRegDlg.obj
 0001:00007470       ?InitGDIPlus@CImage@ATL@@CA_NXZ 00408470 f i AftRegDlg.obj
 0001:000074b0       ?InterlockedExchangePointer@@YGPAXPAPAXPAX@Z 004084b0 f i AftRegDlg.obj
 0001:000074d0       ?IsDIBSection@CImage@ATL@@QBE_NXZ 004084d0 f i AftRegDlg.obj
 0001:000074f0       ?IsIndexed@CImage@ATL@@QBE_NXZ 004084f0 f i AftRegDlg.obj
 0001:000075e0       ?IsNull@CImage@ATL@@QBE_NXZ 004085e0 f i AftRegDlg.obj
 0001:00007630       ?RegisterCategory@CTrace@ATL@@SAXPB_WI@Z 00408630 f i AftRegDlg.obj
 0001:00007700       ?ReleaseDC@CDCCache@CImage@ATL@@QAEXPAUHDC__@@@Z 00408700 f i AftRegDlg.obj
 0001:000077b0       ?ReleaseDC@CImage@ATL@@QBEXXZ 004087b0 f i AftRegDlg.obj
 0001:000078f0       ?ReleaseGDIPlus@CInitGDIPlus@CImage@ATL@@QAEXXZ 004088f0 f i AftRegDlg.obj
 0001:00007970       ?Save@CImage@ATL@@QBEJPB_WABU_GUID@@@Z 00408970 f i AftRegDlg.obj
 0001:00007f50       ?Save@Image@Gdiplus@@QAE?AW4Status@2@PB_WPBU_GUID@@PBVEncoderParameters@2@@Z 00408f50 f i AftRegDlg.obj
 0001:00007fa0       ?SetColorTable@CImage@ATL@@QAEXIIPBUtagRGBQUAD@@@Z 00408fa0 f i AftRegDlg.obj
 0001:000080f0       ?SetNativeImage@Image@Gdiplus@@IAEXPAVGpImage@2@@Z 004090f0 f i AftRegDlg.obj
 0001:00008120       ?SetStatus@Image@Gdiplus@@IBE?AW4Status@2@W432@@Z 00409120 f i AftRegDlg.obj
 0001:00008160       ?StretchBlt@CImage@ATL@@QBEHPAUHDC__@@HHHHHHHHK@Z 00409160 f i AftRegDlg.obj
 0001:000082d0       ?StretchBlt@CImage@ATL@@QBEHPAUHDC__@@HHHHK@Z 004092d0 f i AftRegDlg.obj
 0001:00008340       ?T2CW_EX@@YAPB_WPB_WI@Z    00409340 f i AftRegDlg.obj
 0001:00008350       ?TraceV@CTrace@ATL@@CAXPBDHIIPB_W@Z 00409350 f i AftRegDlg.obj
 0001:000086d0       ?TraceV@CTrace@ATL@@SAXPBDHIIPB_WPAD@Z 004096d0 f i AftRegDlg.obj
 0001:000088a0       ?UpdateBitmapInfo@CImage@ATL@@AAEXW4DIBOrientation@12@@Z 004098a0 f i AftRegDlg.obj
 0001:00008ad0       ?Width@CRect@@QBEHXZ       00409ad0 f i AftRegDlg.obj
 0001:00008b00       ?_AtlGetConversionACP@ATL@@YGIXZ 00409b00 f i AftRegDlg.obj
 0001:00008b10       ?_AtlInitializeCriticalSectionEx@ATL@@YAHPAU_RTL_CRITICAL_SECTION@@KK@Z 00409b10 f i AftRegDlg.obj
 0001:00008b50       ?_AtlVerifyStackAvailable@_ATL_SAFE_ALLOCA_IMPL@ATL@@YA_NK@Z 00409b50 f i AftRegDlg.obj
 0001:00008d80       ?abs@@YAJJ@Z               00409d80 f i AftRegDlg.obj
 0001:00008da0       ?memcpy_s@Checked@ATL@@YAXPAXIPBXI@Z 00409da0 f i AftRegDlg.obj
 0001:00008df0       _==                        00409df0 f i AftRegDlg.obj
 0001:00008e40       _HRESULT_FROM_WIN32        00409e40 f i AftRegDlg.obj
 0001:00008e90       _IsEqualGUID               00409e90 f i AftRegDlg.obj
 0001:00008ef0       ??0CDWT@@QAE@XZ            00409ef0 f   DWT.obj
 0001:00008f20       ??1CDWT@@UAE@XZ            00409f20 f   DWT.obj
 0001:00008f40       ?WvltTransTwice@CDWT@@QAEXAAVCImage@ATL@@AAPAM@Z 00409f40 f   DWT.obj
 0001:00009500       ?DWT_TwoLayers@CDWT@@QAEXAAPAPAF00HHHHHM@Z 0040a500 f   DWT.obj
 0001:000095b0       ?WvltTransOnce@CDWT@@QAEXAAVCImage@ATL@@AAPAM@Z 0040a5b0 f   DWT.obj
 0001:00009b50       ?DWT_Once@CDWT@@QAEXAAPAPAF00HHHHHM@Z 0040ab50 f   DWT.obj
 0001:0000aa60       ??_GCDWT@@UAEPAXI@Z        0040ba60 f i DWT.obj
 0001:0000aa60       ??_ECDWT@@UAEPAXI@Z        0040ba60 f i DWT.obj
 0001:0000aae0       ??0CHarrisCorners@@QAE@XZ  0040bae0 f   HarrisCorners.obj
 0001:0000ab00       ??1CHarrisCorners@@QAE@XZ  0040bb00 f   HarrisCorners.obj
 0001:0000ab20       ?cornersDetecting@CHarrisCorners@@QAEXAAPAM0FFFFAAPA_N1@Z 0040bb20 f   HarrisCorners.obj
 0001:0000ad00       ?harrisCornerDetecting@CHarrisCorners@@QAEXFFAAPAMAAPA_N1@Z 0040bd00 f   HarrisCorners.obj
 0001:0000c480       ?harrisCornerDetecting@CHarrisCorners@@QAEXFFAAPAMAAPA_N1FFFF@Z 0040d480 f   HarrisCorners.obj
 0001:0000dca0       ?cornersMatching@CHarrisCorners@@QAE_NAAPAM0AAPA_N1@Z 0040eca0 f   HarrisCorners.obj
 0001:0000e440       ?cornersMatching@CHarrisCorners@@QAE_NAAPAM0AAPA_N1FFFF_N22@Z 0040f440 f   HarrisCorners.obj
 0001:0000fc40       ?coarseMatching@CHarrisCorners@@QAEXAAPAM0FFFFAAPA_N1M@Z 00410c40 f   HarrisCorners.obj
 0001:00011270       ?coarseMatching@CHarrisCorners@@QAEXAAPAM0FFFFAAPA_N1AAPAU_PAIR2@@HMHH@Z 00412270 f   HarrisCorners.obj
 0001:00012570       ?ransacMatching@CHarrisCorners@@QAE_NAAPAU_TEMP@@HAAHFFFF@Z 00413570 f   HarrisCorners.obj
 0001:00013f60       ?ransacMatching@CHarrisCorners@@QAE_NAAPAU_TEMP@@HHPAU_PAIR2@@HAAV?$list@U_PAIR2@@V?$allocator@U_PAIR2@@@std@@@std@@FFFF@Z 00414f60 f   HarrisCorners.obj
 0001:00015b00       ?judgeFourPoints@CHarrisCorners@@QAE_NPAU_PAIR2@@FFFFF@Z 00416b00 f   HarrisCorners.obj
 0001:00017210       ?getProjectionPara@CHarrisCorners@@QAEXPAU_PAIR2@@PAM_N@Z 00418210 f   HarrisCorners.obj
 0001:00017da0       ?calMatProduct@CHarrisCorners@@QAEXPAM00FFF@Z 00418da0 f   HarrisCorners.obj
 0001:00017ec0       ?calInvMatrix@CHarrisCorners@@QAEHPAMF@Z 00418ec0 f   HarrisCorners.obj
 0001:000185d0       ?L_MOptimize@CHarrisCorners@@QAEXPAU_PAIR2@@H_N@Z 004195d0 f   HarrisCorners.obj
 0001:0001dbb0       ?imageFusion@CHarrisCorners@@QAEXAAVCImage@ATL@@00@Z 0041ebb0 f   HarrisCorners.obj
 0001:00021740       ?getAftProDim@CHarrisCorners@@QAEXPAF00000FFFF@Z 00422740 f   HarrisCorners.obj
 0001:00021d70       ?mbys@@YAMAAPAMHHHHPAMHH@Z 00422d70 f   HarrisCorners.obj
 0001:00021e80       ?mbys@@YAMPAMHH0HH@Z       00422e80 f   HarrisCorners.obj
 0001:00021f30       ?prescreening@@YAXFFAAPAMAAPA_N@Z 00422f30 f   HarrisCorners.obj
 0001:00022220       ?corresX@@YAMQAE0F@Z       00423220 f   HarrisCorners.obj
 0001:00022450       ?Corres@@YAMAAPAM0FFFFFF@Z 00423450 f   HarrisCorners.obj
 0001:00022b10       ?GetM@@YAXAAPAMFFFQAE@Z    00423b10 f   HarrisCorners.obj
 0001:00022ea0       ?max3v@@YAMMMM@Z           00423ea0 f   HarrisCorners.obj
 0001:00022ef0       ?min3v@@YAMMMM@Z           00423ef0 f   HarrisCorners.obj
 0001:00022f40       ?RGBtoYUV@@YAXMMMAAM00@Z   00423f40 f   HarrisCorners.obj
 0001:00023350       ?YUVtoRGB@@YAXMMMAAM00@Z   00424350 f   HarrisCorners.obj
 0001:000237b0       ?Trans@@YAXAAMM@Z          004247b0 f   HarrisCorners.obj
 0001:000238a0       ?GetS@@YAXPAMMM@Z          004248a0 f   HarrisCorners.obj
 0001:00029fd0       ??$_Allocate@U?$_List_node@U_CORNER@@PAX@std@@@std@@YAPAU?$_List_node@U_CORNER@@PAX@0@IPAU10@@Z 0042afd0 f i HarrisCorners.obj
 0001:0002a050       ??$_Allocate@U?$_List_node@U_DOT@@PAX@std@@@std@@YAPAU?$_List_node@U_DOT@@PAX@0@IPAU10@@Z 0042b050 f i HarrisCorners.obj
 0001:0002a0d0       ??$_Allocate@U?$_List_node@U_PAIR2@@PAX@std@@@std@@YAPAU?$_List_node@U_PAIR2@@PAX@0@IPAU10@@Z 0042b0d0 f i HarrisCorners.obj
 0001:0002a150       ??$_Allocate@U?$_List_node@U_PAIR@@PAX@std@@@std@@YAPAU?$_List_node@U_PAIR@@PAX@0@IPAU10@@Z 0042b150 f i HarrisCorners.obj
 0001:0002a1d0       ??$_Allocate@U_Container_proxy@std@@@std@@YAPAU_Container_proxy@0@IPAU10@@Z 0042b1d0 f i HarrisCorners.obj
 0001:0002a250       ??$_Buynode@ABU_CORNER@@@?$_List_buy@U_CORNER@@V?$allocator@U_CORNER@@@std@@@std@@QAEPAU?$_List_node@U_CORNER@@PAX@1@PAU21@0ABU_CORNER@@@Z 0042b250 f i HarrisCorners.obj
 0001:0002a3a0       ??$_Buynode@ABU_DOT@@@?$_List_buy@U_DOT@@V?$allocator@U_DOT@@@std@@@std@@QAEPAU?$_List_node@U_DOT@@PAX@1@PAU21@0ABU_DOT@@@Z 0042b3a0 f i HarrisCorners.obj
 0001:0002a4f0       ??$_Buynode@ABU_PAIR2@@@?$_List_buy@U_PAIR2@@V?$allocator@U_PAIR2@@@std@@@std@@QAEPAU?$_List_node@U_PAIR2@@PAX@1@PAU21@0ABU_PAIR2@@@Z 0042b4f0 f i HarrisCorners.obj
 0001:0002a640       ??$_Buynode@ABU_PAIR@@@?$_List_buy@U_PAIR@@V?$allocator@U_PAIR@@@std@@@std@@QAEPAU?$_List_node@U_PAIR@@PAX@1@PAU21@0ABU_PAIR@@@Z 0042b640 f i HarrisCorners.obj
 0001:0002a790       ??$_Insert@ABU_CORNER@@@?$list@U_CORNER@@V?$allocator@U_CORNER@@@std@@@std@@QAEXV?$_List_unchecked_const_iterator@V?$_List_val@U?$_List_simple_types@U_CORNER@@@std@@@std@@U_Iterator_base0@2@@1@ABU_CORNER@@@Z 0042b790 f i HarrisCorners.obj
 0001:0002a860       ??$_Insert@ABU_DOT@@@?$list@U_DOT@@V?$allocator@U_DOT@@@std@@@std@@QAEXV?$_List_unchecked_const_iterator@V?$_List_val@U?$_List_simple_types@U_DOT@@@std@@@std@@U_Iterator_base0@2@@1@ABU_DOT@@@Z 0042b860 f i HarrisCorners.obj
 0001:0002a930       ??$_Insert@ABU_PAIR2@@@?$list@U_PAIR2@@V?$allocator@U_PAIR2@@@std@@@std@@QAEXV?$_List_unchecked_const_iterator@V?$_List_val@U?$_List_simple_types@U_PAIR2@@@std@@@std@@U_Iterator_base0@2@@1@ABU_PAIR2@@@Z 0042b930 f i HarrisCorners.obj
 0001:0002aa00       ??$_Insert@ABU_PAIR@@@?$list@U_PAIR@@V?$allocator@U_PAIR@@@std@@@std@@QAEXV?$_List_unchecked_const_iterator@V?$_List_val@U?$_List_simple_types@U_PAIR@@@std@@@std@@U_Iterator_base0@2@@1@ABU_PAIR@@@Z 0042ba00 f i HarrisCorners.obj
 0001:0002aad0       ??$addressof@PAU?$_List_node@U_CORNER@@PAX@std@@@std@@YAPAPAU?$_List_node@U_CORNER@@PAX@0@AAPAU10@@Z 0042bad0 f i HarrisCorners.obj
 0001:0002aae0       ??$addressof@PAU?$_List_node@U_DOT@@PAX@std@@@std@@YAPAPAU?$_List_node@U_DOT@@PAX@0@AAPAU10@@Z 0042bae0 f i HarrisCorners.obj
 0001:0002aaf0       ??$addressof@PAU?$_List_node@U_PAIR2@@PAX@std@@@std@@YAPAPAU?$_List_node@U_PAIR2@@PAX@0@AAPAU10@@Z 0042baf0 f i HarrisCorners.obj
 0001:0002ab00       ??$addressof@PAU?$_List_node@U_PAIR@@PAX@std@@@std@@YAPAPAU?$_List_node@U_PAIR@@PAX@0@AAPAU10@@Z 0042bb00 f i HarrisCorners.obj
 0001:0002ab10       ??$addressof@U_CORNER@@@std@@YAPAU_CORNER@@AAU1@@Z 0042bb10 f i HarrisCorners.obj
 0001:0002ab20       ??$addressof@U_DOT@@@std@@YAPAU_DOT@@AAU1@@Z 0042bb20 f i HarrisCorners.obj
 0001:0002ab30       ??$addressof@U_PAIR2@@@std@@YAPAU_PAIR2@@AAU1@@Z 0042bb30 f i HarrisCorners.obj
 0001:0002ab40       ??$addressof@U_PAIR@@@std@@YAPAU_PAIR@@AAU1@@Z 0042bb40 f i HarrisCorners.obj
 0001:0002ab50       ??$construct@PAU?$_List_node@U_CORNER@@PAX@std@@AAPAU12@@?$_Wrap_alloc@V?$allocator@U?$_List_node@U_CORNER@@PAX@std@@@std@@@std@@QAEXPAPAU?$_List_node@U_CORNER@@PAX@1@AAPAU21@@Z 0042bb50 f i HarrisCorners.obj
 0001:0002aba0       ??$construct@PAU?$_List_node@U_CORNER@@PAX@std@@AAPAU12@@?$allocator@U?$_List_node@U_CORNER@@PAX@std@@@std@@QAEXPAPAU?$_List_node@U_CORNER@@PAX@1@AAPAU21@@Z 0042bba0 f i HarrisCorners.obj
 0001:0002ac70       ??$construct@PAU?$_List_node@U_CORNER@@PAX@std@@AAPAU12@@?$allocator_traits@V?$allocator@U?$_List_node@U_CORNER@@PAX@std@@@std@@@std@@SAXAAV?$allocator@U?$_List_node@U_CORNER@@PAX@std@@@1@PAPAU?$_List_node@U_CORNER@@PAX@1@AAPAU31@@Z 0042bc70 f i HarrisCorners.obj
 0001:0002aca0       ??$construct@PAU?$_List_node@U_DOT@@PAX@std@@AAPAU12@@?$_Wrap_alloc@V?$allocator@U?$_List_node@U_DOT@@PAX@std@@@std@@@std@@QAEXPAPAU?$_List_node@U_DOT@@PAX@1@AAPAU21@@Z 0042bca0 f i HarrisCorners.obj
 0001:0002acf0       ??$construct@PAU?$_List_node@U_DOT@@PAX@std@@AAPAU12@@?$allocator@U?$_List_node@U_DOT@@PAX@std@@@std@@QAEXPAPAU?$_List_node@U_DOT@@PAX@1@AAPAU21@@Z 0042bcf0 f i HarrisCorners.obj
 0001:0002adc0       ??$construct@PAU?$_List_node@U_DOT@@PAX@std@@AAPAU12@@?$allocator_traits@V?$allocator@U?$_List_node@U_DOT@@PAX@std@@@std@@@std@@SAXAAV?$allocator@U?$_List_node@U_DOT@@PAX@std@@@1@PAPAU?$_List_node@U_DOT@@PAX@1@AAPAU31@@Z 0042bdc0 f i HarrisCorners.obj
 0001:0002adf0       ??$construct@PAU?$_List_node@U_PAIR2@@PAX@std@@AAPAU12@@?$_Wrap_alloc@V?$allocator@U?$_List_node@U_PAIR2@@PAX@std@@@std@@@std@@QAEXPAPAU?$_List_node@U_PAIR2@@PAX@1@AAPAU21@@Z 0042bdf0 f i HarrisCorners.obj
 0001:0002ae40       ??$construct@PAU?$_List_node@U_PAIR2@@PAX@std@@AAPAU12@@?$allocator@U?$_List_node@U_PAIR2@@PAX@std@@@std@@QAEXPAPAU?$_List_node@U_PAIR2@@PAX@1@AAPAU21@@Z 0042be40 f i HarrisCorners.obj
 0001:0002af10       ??$construct@PAU?$_List_node@U_PAIR2@@PAX@std@@AAPAU12@@?$allocator_traits@V?$allocator@U?$_List_node@U_PAIR2@@PAX@std@@@std@@@std@@SAXAAV?$allocator@U?$_List_node@U_PAIR2@@PAX@std@@@1@PAPAU?$_List_node@U_PAIR2@@PAX@1@AAPAU31@@Z 0042bf10 f i HarrisCorners.obj
 0001:0002af40       ??$construct@PAU?$_List_node@U_PAIR@@PAX@std@@AAPAU12@@?$_Wrap_alloc@V?$allocator@U?$_List_node@U_PAIR@@PAX@std@@@std@@@std@@QAEXPAPAU?$_List_node@U_PAIR@@PAX@1@AAPAU21@@Z 0042bf40 f i HarrisCorners.obj
 0001:0002af90       ??$construct@PAU?$_List_node@U_PAIR@@PAX@std@@AAPAU12@@?$allocator@U?$_List_node@U_PAIR@@PAX@std@@@std@@QAEXPAPAU?$_List_node@U_PAIR@@PAX@1@AAPAU21@@Z 0042bf90 f i HarrisCorners.obj
 0001:0002b060       ??$construct@PAU?$_List_node@U_PAIR@@PAX@std@@AAPAU12@@?$allocator_traits@V?$allocator@U?$_List_node@U_PAIR@@PAX@std@@@std@@@std@@SAXAAV?$allocator@U?$_List_node@U_PAIR@@PAX@std@@@1@PAPAU?$_List_node@U_PAIR@@PAX@1@AAPAU31@@Z 0042c060 f i HarrisCorners.obj
 0001:0002b090       ??$construct@U_CORNER@@ABU1@@?$_Wrap_alloc@V?$allocator@U?$_List_node@U_CORNER@@PAX@std@@@std@@@std@@QAEXPAU_CORNER@@ABU2@@Z 0042c090 f i HarrisCorners.obj
 0001:0002b0e0       ??$construct@U_CORNER@@ABU1@@?$allocator@U?$_List_node@U_CORNER@@PAX@std@@@std@@QAEXPAU_CORNER@@ABU2@@Z 0042c0e0 f i HarrisCorners.obj
 0001:0002b1c0       ??$construct@U_CORNER@@ABU1@@?$allocator_traits@V?$allocator@U?$_List_node@U_CORNER@@PAX@std@@@std@@@std@@SAXAAV?$allocator@U?$_List_node@U_CORNER@@PAX@std@@@1@PAU_CORNER@@ABU3@@Z 0042c1c0 f i HarrisCorners.obj
 0001:0002b1f0       ??$construct@U_Container_proxy@std@@U12@@?$_Wrap_alloc@V?$allocator@U_Container_proxy@std@@@std@@@std@@QAEXPAU_Container_proxy@1@$$QAU21@@Z 0042c1f0 f i HarrisCorners.obj
 0001:0002b240       ??$construct@U_Container_proxy@std@@U12@@?$allocator@U_Container_proxy@std@@@std@@QAEXPAU_Container_proxy@1@$$QAU21@@Z 0042c240 f i HarrisCorners.obj
 0001:0002b310       ??$construct@U_Container_proxy@std@@U12@@?$allocator_traits@V?$allocator@U_Container_proxy@std@@@std@@@std@@SAXAAV?$allocator@U_Container_proxy@std@@@1@PAU_Container_proxy@1@$$QAU31@@Z 0042c310 f i HarrisCorners.obj
 0001:0002b340       ??$construct@U_DOT@@ABU1@@?$_Wrap_alloc@V?$allocator@U?$_List_node@U_DOT@@PAX@std@@@std@@@std@@QAEXPAU_DOT@@ABU2@@Z 0042c340 f i HarrisCorners.obj
 0001:0002b390       ??$construct@U_DOT@@ABU1@@?$allocator@U?$_List_node@U_DOT@@PAX@std@@@std@@QAEXPAU_DOT@@ABU2@@Z 0042c390 f i HarrisCorners.obj
 0001:0002b470       ??$construct@U_DOT@@ABU1@@?$allocator_traits@V?$allocator@U?$_List_node@U_DOT@@PAX@std@@@std@@@std@@SAXAAV?$allocator@U?$_List_node@U_DOT@@PAX@std@@@1@PAU_DOT@@ABU3@@Z 0042c470 f i HarrisCorners.obj
 0001:0002b4a0       ??$construct@U_PAIR2@@ABU1@@?$_Wrap_alloc@V?$allocator@U?$_List_node@U_PAIR2@@PAX@std@@@std@@@std@@QAEXPAU_PAIR2@@ABU2@@Z 0042c4a0 f i HarrisCorners.obj
 0001:0002b4f0       ??$construct@U_PAIR2@@ABU1@@?$allocator@U?$_List_node@U_PAIR2@@PAX@std@@@std@@QAEXPAU_PAIR2@@ABU2@@Z 0042c4f0 f i HarrisCorners.obj
 0001:0002b5d0       ??$construct@U_PAIR2@@ABU1@@?$allocator_traits@V?$allocator@U?$_List_node@U_PAIR2@@PAX@std@@@std@@@std@@SAXAAV?$allocator@U?$_List_node@U_PAIR2@@PAX@std@@@1@PAU_PAIR2@@ABU3@@Z 0042c5d0 f i HarrisCorners.obj
 0001:0002b600       ??$construct@U_PAIR@@ABU1@@?$_Wrap_alloc@V?$allocator@U?$_List_node@U_PAIR@@PAX@std@@@std@@@std@@QAEXPAU_PAIR@@ABU2@@Z 0042c600 f i HarrisCorners.obj
 0001:0002b650       ??$construct@U_PAIR@@ABU1@@?$allocator@U?$_List_node@U_PAIR@@PAX@std@@@std@@QAEXPAU_PAIR@@ABU2@@Z 0042c650 f i HarrisCorners.obj
 0001:0002b730       ??$construct@U_PAIR@@ABU1@@?$allocator_traits@V?$allocator@U?$_List_node@U_PAIR@@PAX@std@@@std@@@std@@SAXAAV?$allocator@U?$_List_node@U_PAIR@@PAX@std@@@1@PAU_PAIR@@ABU3@@Z 0042c730 f i HarrisCorners.obj
 0001:0002b760       ??$destroy@PAU?$_List_node@U_CORNER@@PAX@std@@@?$_Wrap_alloc@V?$allocator@U?$_List_node@U_CORNER@@PAX@std@@@std@@@std@@QAEXPAPAU?$_List_node@U_CORNER@@PAX@1@@Z 0042c760 f i HarrisCorners.obj
 0001:0002b7a0       ??$destroy@PAU?$_List_node@U_CORNER@@PAX@std@@@?$allocator@U?$_List_node@U_CORNER@@PAX@std@@@std@@QAEXPAPAU?$_List_node@U_CORNER@@PAX@1@@Z 0042c7a0 f i HarrisCorners.obj
 0001:0002b7c0       ??$destroy@PAU?$_List_node@U_CORNER@@PAX@std@@@?$allocator_traits@V?$allocator@U?$_List_node@U_CORNER@@PAX@std@@@std@@@std@@SAXAAV?$allocator@U?$_List_node@U_CORNER@@PAX@std@@@1@PAPAU?$_List_node@U_CORNER@@PAX@1@@Z 0042c7c0 f i HarrisCorners.obj
 0001:0002b7e0       ??$destroy@PAU?$_List_node@U_DOT@@PAX@std@@@?$_Wrap_alloc@V?$allocator@U?$_List_node@U_DOT@@PAX@std@@@std@@@std@@QAEXPAPAU?$_List_node@U_DOT@@PAX@1@@Z 0042c7e0 f i HarrisCorners.obj
 0001:0002b820       ??$destroy@PAU?$_List_node@U_DOT@@PAX@std@@@?$allocator@U?$_List_node@U_DOT@@PAX@std@@@std@@QAEXPAPAU?$_List_node@U_DOT@@PAX@1@@Z 0042c820 f i HarrisCorners.obj
 0001:0002b840       ??$destroy@PAU?$_List_node@U_DOT@@PAX@std@@@?$allocator_traits@V?$allocator@U?$_List_node@U_DOT@@PAX@std@@@std@@@std@@SAXAAV?$allocator@U?$_List_node@U_DOT@@PAX@std@@@1@PAPAU?$_List_node@U_DOT@@PAX@1@@Z 0042c840 f i HarrisCorners.obj
 0001:0002b860       ??$destroy@PAU?$_List_node@U_PAIR2@@PAX@std@@@?$_Wrap_alloc@V?$allocator@U?$_List_node@U_PAIR2@@PAX@std@@@std@@@std@@QAEXPAPAU?$_List_node@U_PAIR2@@PAX@1@@Z 0042c860 f i HarrisCorners.obj
 0001:0002b8a0       ??$destroy@PAU?$_List_node@U_PAIR2@@PAX@std@@@?$allocator@U?$_List_node@U_PAIR2@@PAX@std@@@std@@QAEXPAPAU?$_List_node@U_PAIR2@@PAX@1@@Z 0042c8a0 f i HarrisCorners.obj
 0001:0002b8c0       ??$destroy@PAU?$_List_node@U_PAIR2@@PAX@std@@@?$allocator_traits@V?$allocator@U?$_List_node@U_PAIR2@@PAX@std@@@std@@@std@@SAXAAV?$allocator@U?$_List_node@U_PAIR2@@PAX@std@@@1@PAPAU?$_List_node@U_PAIR2@@PAX@1@@Z 0042c8c0 f i HarrisCorners.obj
 0001:0002b8e0       ??$destroy@PAU?$_List_node@U_PAIR@@PAX@std@@@?$_Wrap_alloc@V?$allocator@U?$_List_node@U_PAIR@@PAX@std@@@std@@@std@@QAEXPAPAU?$_List_node@U_PAIR@@PAX@1@@Z 0042c8e0 f i HarrisCorners.obj
 0001:0002b920       ??$destroy@PAU?$_List_node@U_PAIR@@PAX@std@@@?$allocator@U?$_List_node@U_PAIR@@PAX@std@@@std@@QAEXPAPAU?$_List_node@U_PAIR@@PAX@1@@Z 0042c920 f i HarrisCorners.obj
 0001:0002b940       ??$destroy@PAU?$_List_node@U_PAIR@@PAX@std@@@?$allocator_traits@V?$allocator@U?$_List_node@U_PAIR@@PAX@std@@@std@@@std@@SAXAAV?$allocator@U?$_List_node@U_PAIR@@PAX@std@@@1@PAPAU?$_List_node@U_PAIR@@PAX@1@@Z 0042c940 f i HarrisCorners.obj
 0001:0002b960       ??$destroy@U_CORNER@@@?$_Wrap_alloc@V?$allocator@U?$_List_node@U_CORNER@@PAX@std@@@std@@@std@@QAEXPAU_CORNER@@@Z 0042c960 f i HarrisCorners.obj
 0001:0002b9a0       ??$destroy@U_CORNER@@@?$allocator@U?$_List_node@U_CORNER@@PAX@std@@@std@@QAEXPAU_CORNER@@@Z 0042c9a0 f i HarrisCorners.obj
 0001:0002b9c0       ??$destroy@U_CORNER@@@?$allocator_traits@V?$allocator@U?$_List_node@U_CORNER@@PAX@std@@@std@@@std@@SAXAAV?$allocator@U?$_List_node@U_CORNER@@PAX@std@@@1@PAU_CORNER@@@Z 0042c9c0 f i HarrisCorners.obj
 0001:0002b9e0       ??$destroy@U_Container_proxy@std@@@?$_Wrap_alloc@V?$allocator@U_Container_proxy@std@@@std@@@std@@QAEXPAU_Container_proxy@1@@Z 0042c9e0 f i HarrisCorners.obj
 0001:0002ba20       ??$destroy@U_Container_proxy@std@@@?$allocator@U_Container_proxy@std@@@std@@QAEXPAU_Container_proxy@1@@Z 0042ca20 f i HarrisCorners.obj
 0001:0002ba40       ??$destroy@U_Container_proxy@std@@@?$allocator_traits@V?$allocator@U_Container_proxy@std@@@std@@@std@@SAXAAV?$allocator@U_Container_proxy@std@@@1@PAU_Container_proxy@1@@Z 0042ca40 f i HarrisCorners.obj
 0001:0002ba60       ??$destroy@U_DOT@@@?$_Wrap_alloc@V?$allocator@U?$_List_node@U_DOT@@PAX@std@@@std@@@std@@QAEXPAU_DOT@@@Z 0042ca60 f i HarrisCorners.obj
 0001:0002baa0       ??$destroy@U_DOT@@@?$allocator@U?$_List_node@U_DOT@@PAX@std@@@std@@QAEXPAU_DOT@@@Z 0042caa0 f i HarrisCorners.obj
 0001:0002bac0       ??$destroy@U_DOT@@@?$allocator_traits@V?$allocator@U?$_List_node@U_DOT@@PAX@std@@@std@@@std@@SAXAAV?$allocator@U?$_List_node@U_DOT@@PAX@std@@@1@PAU_DOT@@@Z 0042cac0 f i HarrisCorners.obj
 0001:0002bae0       ??$destroy@U_PAIR2@@@?$_Wrap_alloc@V?$allocator@U?$_List_node@U_PAIR2@@PAX@std@@@std@@@std@@QAEXPAU_PAIR2@@@Z 0042cae0 f i HarrisCorners.obj
 0001:0002bb20       ??$destroy@U_PAIR2@@@?$allocator@U?$_List_node@U_PAIR2@@PAX@std@@@std@@QAEXPAU_PAIR2@@@Z 0042cb20 f i HarrisCorners.obj
 0001:0002bb40       ??$destroy@U_PAIR2@@@?$allocator_traits@V?$allocator@U?$_List_node@U_PAIR2@@PAX@std@@@std@@@std@@SAXAAV?$allocator@U?$_List_node@U_PAIR2@@PAX@std@@@1@PAU_PAIR2@@@Z 0042cb40 f i HarrisCorners.obj
 0001:0002bb60       ??$destroy@U_PAIR@@@?$_Wrap_alloc@V?$allocator@U?$_List_node@U_PAIR@@PAX@std@@@std@@@std@@QAEXPAU_PAIR@@@Z 0042cb60 f i HarrisCorners.obj
 0001:0002bba0       ??$destroy@U_PAIR@@@?$allocator@U?$_List_node@U_PAIR@@PAX@std@@@std@@QAEXPAU_PAIR@@@Z 0042cba0 f i HarrisCorners.obj
 0001:0002bbc0       ??$destroy@U_PAIR@@@?$allocator_traits@V?$allocator@U?$_List_node@U_PAIR@@PAX@std@@@std@@@std@@SAXAAV?$allocator@U?$_List_node@U_PAIR@@PAX@std@@@1@PAU_PAIR@@@Z 0042cbc0 f i HarrisCorners.obj
 0001:0002bbe0       ??$forward@AAPAU?$_List_node@U_CORNER@@PAX@std@@@std@@YAAAPAU?$_List_node@U_CORNER@@PAX@0@AAPAU10@@Z 0042cbe0 f i HarrisCorners.obj
 0001:0002bbf0       ??$forward@AAPAU?$_List_node@U_DOT@@PAX@std@@@std@@YAAAPAU?$_List_node@U_DOT@@PAX@0@AAPAU10@@Z 0042cbf0 f i HarrisCorners.obj
 0001:0002bc00       ??$forward@AAPAU?$_List_node@U_PAIR2@@PAX@std@@@std@@YAAAPAU?$_List_node@U_PAIR2@@PAX@0@AAPAU10@@Z 0042cc00 f i HarrisCorners.obj
 0001:0002bc10       ??$forward@AAPAU?$_List_node@U_PAIR@@PAX@std@@@std@@YAAAPAU?$_List_node@U_PAIR@@PAX@0@AAPAU10@@Z 0042cc10 f i HarrisCorners.obj
 0001:0002bc20       ??$forward@ABU_CORNER@@@std@@YAABU_CORNER@@ABU1@@Z 0042cc20 f i HarrisCorners.obj
 0001:0002bc30       ??$forward@ABU_DOT@@@std@@YAABU_DOT@@ABU1@@Z 0042cc30 f i HarrisCorners.obj
 0001:0002bc40       ??$forward@ABU_PAIR2@@@std@@YAABU_PAIR2@@ABU1@@Z 0042cc40 f i HarrisCorners.obj
 0001:0002bc50       ??$forward@ABU_PAIR@@@std@@YAABU_PAIR@@ABU1@@Z 0042cc50 f i HarrisCorners.obj
 0001:0002bc60       ??$forward@U_Container_proxy@std@@@std@@YA$$QAU_Container_proxy@0@AAU10@@Z 0042cc60 f i HarrisCorners.obj
 0001:0002bc70       ??0?$_Iterator012@Ubidirectional_iterator_tag@std@@U_CORNER@@HPBU3@ABU3@U_Iterator_base12@2@@std@@QAE@ABU01@@Z 0042cc70 f i HarrisCorners.obj
 0001:0002bcb0       ??0?$_Iterator012@Ubidirectional_iterator_tag@std@@U_CORNER@@HPBU3@ABU3@U_Iterator_base12@2@@std@@QAE@XZ 0042ccb0 f i HarrisCorners.obj
 0001:0002bce0       ??0?$_Iterator012@Ubidirectional_iterator_tag@std@@U_DOT@@HPBU3@ABU3@U_Iterator_base12@2@@std@@QAE@ABU01@@Z 0042cce0 f i HarrisCorners.obj
 0001:0002bd20       ??0?$_Iterator012@Ubidirectional_iterator_tag@std@@U_DOT@@HPBU3@ABU3@U_Iterator_base12@2@@std@@QAE@XZ 0042cd20 f i HarrisCorners.obj
 0001:0002bd50       ??0?$_Iterator012@Ubidirectional_iterator_tag@std@@U_PAIR2@@HPBU3@ABU3@U_Iterator_base12@2@@std@@QAE@ABU01@@Z 0042cd50 f i HarrisCorners.obj
 0001:0002bd90       ??0?$_Iterator012@Ubidirectional_iterator_tag@std@@U_PAIR2@@HPBU3@ABU3@U_Iterator_base12@2@@std@@QAE@XZ 0042cd90 f i HarrisCorners.obj
 0001:0002bdc0       ??0?$_Iterator012@Ubidirectional_iterator_tag@std@@U_PAIR@@HPBU3@ABU3@U_Iterator_base12@2@@std@@QAE@ABU01@@Z 0042cdc0 f i HarrisCorners.obj
 0001:0002be00       ??0?$_Iterator012@Ubidirectional_iterator_tag@std@@U_PAIR@@HPBU3@ABU3@U_Iterator_base12@2@@std@@QAE@XZ 0042ce00 f i HarrisCorners.obj
 0001:0002be30       ??0?$_List_alloc@$0A@U?$_List_base_types@U_CORNER@@V?$allocator@U_CORNER@@@std@@@std@@@std@@QAE@ABV?$allocator@U_CORNER@@@1@@Z 0042ce30 f i HarrisCorners.obj
 0001:0002bf20       ??0?$_List_alloc@$0A@U?$_List_base_types@U_DOT@@V?$allocator@U_DOT@@@std@@@std@@@std@@QAE@ABV?$allocator@U_DOT@@@1@@Z 0042cf20 f i HarrisCorners.obj
 0001:0002c010       ??0?$_List_alloc@$0A@U?$_List_base_types@U_PAIR2@@V?$allocator@U_PAIR2@@@std@@@std@@@std@@QAE@ABV?$allocator@U_PAIR2@@@1@@Z 0042d010 f i HarrisCorners.obj
 0001:0002c100       ??0?$_List_alloc@$0A@U?$_List_base_types@U_PAIR@@V?$allocator@U_PAIR@@@std@@@std@@@std@@QAE@ABV?$allocator@U_PAIR@@@1@@Z 0042d100 f i HarrisCorners.obj
 0001:0002c1f0       ??0?$_List_buy@U_CORNER@@V?$allocator@U_CORNER@@@std@@@std@@QAE@ABV?$allocator@U_CORNER@@@1@@Z 0042d1f0 f i HarrisCorners.obj
 0001:0002c230       ??0?$_List_buy@U_DOT@@V?$allocator@U_DOT@@@std@@@std@@QAE@ABV?$allocator@U_DOT@@@1@@Z 0042d230 f i HarrisCorners.obj
 0001:0002c270       ??0?$_List_buy@U_PAIR2@@V?$allocator@U_PAIR2@@@std@@@std@@QAE@ABV?$allocator@U_PAIR2@@@1@@Z 0042d270 f i HarrisCorners.obj
 0001:0002c2b0       ??0?$_List_buy@U_PAIR@@V?$allocator@U_PAIR@@@std@@@std@@QAE@ABV?$allocator@U_PAIR@@@1@@Z 0042d2b0 f i HarrisCorners.obj
 0001:0002c2f0       ??0?$_List_const_iterator@V?$_List_val@U?$_List_simple_types@U_CORNER@@@std@@@std@@@std@@QAE@ABV01@@Z 0042d2f0 f i HarrisCorners.obj
 0001:0002c330       ??0?$_List_const_iterator@V?$_List_val@U?$_List_simple_types@U_CORNER@@@std@@@std@@@std@@QAE@PAU?$_List_node@U_CORNER@@PAX@1@PBV?$_List_val@U?$_List_simple_types@U_CORNER@@@std@@@1@@Z 0042d330 f i HarrisCorners.obj
 0001:0002c370       ??0?$_List_const_iterator@V?$_List_val@U?$_List_simple_types@U_CORNER@@@std@@@std@@@std@@QAE@XZ 0042d370 f i HarrisCorners.obj
 0001:0002c3a0       ??0?$_List_const_iterator@V?$_List_val@U?$_List_simple_types@U_DOT@@@std@@@std@@@std@@QAE@ABV01@@Z 0042d3a0 f i HarrisCorners.obj
 0001:0002c3e0       ??0?$_List_const_iterator@V?$_List_val@U?$_List_simple_types@U_DOT@@@std@@@std@@@std@@QAE@PAU?$_List_node@U_DOT@@PAX@1@PBV?$_List_val@U?$_List_simple_types@U_DOT@@@std@@@1@@Z 0042d3e0 f i HarrisCorners.obj
 0001:0002c420       ??0?$_List_const_iterator@V?$_List_val@U?$_List_simple_types@U_DOT@@@std@@@std@@@std@@QAE@XZ 0042d420 f i HarrisCorners.obj
 0001:0002c450       ??0?$_List_const_iterator@V?$_List_val@U?$_List_simple_types@U_PAIR2@@@std@@@std@@@std@@QAE@ABV01@@Z 0042d450 f i HarrisCorners.obj
 0001:0002c490       ??0?$_List_const_iterator@V?$_List_val@U?$_List_simple_types@U_PAIR2@@@std@@@std@@@std@@QAE@PAU?$_List_node@U_PAIR2@@PAX@1@PBV?$_List_val@U?$_List_simple_types@U_PAIR2@@@std@@@1@@Z 0042d490 f i HarrisCorners.obj
 0001:0002c4d0       ??0?$_List_const_iterator@V?$_List_val@U?$_List_simple_types@U_PAIR2@@@std@@@std@@@std@@QAE@XZ 0042d4d0 f i HarrisCorners.obj
 0001:0002c500       ??0?$_List_const_iterator@V?$_List_val@U?$_List_simple_types@U_PAIR@@@std@@@std@@@std@@QAE@ABV01@@Z 0042d500 f i HarrisCorners.obj
 0001:0002c540       ??0?$_List_const_iterator@V?$_List_val@U?$_List_simple_types@U_PAIR@@@std@@@std@@@std@@QAE@PAU?$_List_node@U_PAIR@@PAX@1@PBV?$_List_val@U?$_List_simple_types@U_PAIR@@@std@@@1@@Z 0042d540 f i HarrisCorners.obj
 0001:0002c580       ??0?$_List_const_iterator@V?$_List_val@U?$_List_simple_types@U_PAIR@@@std@@@std@@@std@@QAE@XZ 0042d580 f i HarrisCorners.obj
 0001:0002c5b0       ??0?$_List_iterator@V?$_List_val@U?$_List_simple_types@U_CORNER@@@std@@@std@@@std@@QAE@ABV01@@Z 0042d5b0 f i HarrisCorners.obj
 0001:0002c5f0       ??0?$_List_iterator@V?$_List_val@U?$_List_simple_types@U_CORNER@@@std@@@std@@@std@@QAE@PAU?$_List_node@U_CORNER@@PAX@1@PBV?$_List_val@U?$_List_simple_types@U_CORNER@@@std@@@1@@Z 0042d5f0 f i HarrisCorners.obj
 0001:0002c630       ??0?$_List_iterator@V?$_List_val@U?$_List_simple_types@U_CORNER@@@std@@@std@@@std@@QAE@XZ 0042d630 f i HarrisCorners.obj
 0001:0002c660       ??0?$_List_iterator@V?$_List_val@U?$_List_simple_types@U_DOT@@@std@@@std@@@std@@QAE@ABV01@@Z 0042d660 f i HarrisCorners.obj
 0001:0002c6a0       ??0?$_List_iterator@V?$_List_val@U?$_List_simple_types@U_DOT@@@std@@@std@@@std@@QAE@PAU?$_List_node@U_DOT@@PAX@1@PBV?$_List_val@U?$_List_simple_types@U_DOT@@@std@@@1@@Z 0042d6a0 f i HarrisCorners.obj
 0001:0002c6e0       ??0?$_List_iterator@V?$_List_val@U?$_List_simple_types@U_DOT@@@std@@@std@@@std@@QAE@XZ 0042d6e0 f i HarrisCorners.obj
 0001:0002c710       ??0?$_List_iterator@V?$_List_val@U?$_List_simple_types@U_PAIR2@@@std@@@std@@@std@@QAE@ABV01@@Z 0042d710 f i HarrisCorners.obj
 0001:0002c750       ??0?$_List_iterator@V?$_List_val@U?$_List_simple_types@U_PAIR2@@@std@@@std@@@std@@QAE@PAU?$_List_node@U_PAIR2@@PAX@1@PBV?$_List_val@U?$_List_simple_types@U_PAIR2@@@std@@@1@@Z 0042d750 f i HarrisCorners.obj
 0001:0002c790       ??0?$_List_iterator@V?$_List_val@U?$_List_simple_types@U_PAIR2@@@std@@@std@@@std@@QAE@XZ 0042d790 f i HarrisCorners.obj
 0001:0002c7c0       ??0?$_List_iterator@V?$_List_val@U?$_List_simple_types@U_PAIR@@@std@@@std@@@std@@QAE@ABV01@@Z 0042d7c0 f i HarrisCorners.obj
 0001:0002c800       ??0?$_List_iterator@V?$_List_val@U?$_List_simple_types@U_PAIR@@@std@@@std@@@std@@QAE@PAU?$_List_node@U_PAIR@@PAX@1@PBV?$_List_val@U?$_List_simple_types@U_PAIR@@@std@@@1@@Z 0042d800 f i HarrisCorners.obj
 0001:0002c840       ??0?$_List_iterator@V?$_List_val@U?$_List_simple_types@U_PAIR@@@std@@@std@@@std@@QAE@XZ 0042d840 f i HarrisCorners.obj
 0001:0002c870       ??0?$_List_unchecked_const_iterator@V?$_List_val@U?$_List_simple_types@U_CORNER@@@std@@@std@@U_Iterator_base0@2@@std@@QAE@PAU?$_List_node@U_CORNER@@PAX@1@PBV?$_List_val@U?$_List_simple_types@U_CORNER@@@std@@@1@@Z 0042d870 f i HarrisCorners.obj
 0001:0002c8c0       ??0?$_List_unchecked_const_iterator@V?$_List_val@U?$_List_simple_types@U_CORNER@@@std@@@std@@U_Iterator_base12@2@@std@@QAE@ABV01@@Z 0042d8c0 f i HarrisCorners.obj
 0001:0002c910       ??0?$_List_unchecked_const_iterator@V?$_List_val@U?$_List_simple_types@U_CORNER@@@std@@@std@@U_Iterator_base12@2@@std@@QAE@PAU?$_List_node@U_CORNER@@PAX@1@PBV?$_List_val@U?$_List_simple_types@U_CORNER@@@std@@@1@@Z 0042d910 f i HarrisCorners.obj
 0001:0002c9b0       ??0?$_List_unchecked_const_iterator@V?$_List_val@U?$_List_simple_types@U_CORNER@@@std@@@std@@U_Iterator_base12@2@@std@@QAE@XZ 0042d9b0 f i HarrisCorners.obj
 0001:0002c9f0       ??0?$_List_unchecked_const_iterator@V?$_List_val@U?$_List_simple_types@U_DOT@@@std@@@std@@U_Iterator_base0@2@@std@@QAE@PAU?$_List_node@U_DOT@@PAX@1@PBV?$_List_val@U?$_List_simple_types@U_DOT@@@std@@@1@@Z 0042d9f0 f i HarrisCorners.obj
 0001:0002ca40       ??0?$_List_unchecked_const_iterator@V?$_List_val@U?$_List_simple_types@U_DOT@@@std@@@std@@U_Iterator_base12@2@@std@@QAE@ABV01@@Z 0042da40 f i HarrisCorners.obj
 0001:0002ca90       ??0?$_List_unchecked_const_iterator@V?$_List_val@U?$_List_simple_types@U_DOT@@@std@@@std@@U_Iterator_base12@2@@std@@QAE@PAU?$_List_node@U_DOT@@PAX@1@PBV?$_List_val@U?$_List_simple_types@U_DOT@@@std@@@1@@Z 0042da90 f i HarrisCorners.obj
 0001:0002cb30       ??0?$_List_unchecked_const_iterator@V?$_List_val@U?$_List_simple_types@U_DOT@@@std@@@std@@U_Iterator_base12@2@@std@@QAE@XZ 0042db30 f i HarrisCorners.obj
 0001:0002cb70       ??0?$_List_unchecked_const_iterator@V?$_List_val@U?$_List_simple_types@U_PAIR2@@@std@@@std@@U_Iterator_base0@2@@std@@QAE@PAU?$_List_node@U_PAIR2@@PAX@1@PBV?$_List_val@U?$_List_simple_types@U_PAIR2@@@std@@@1@@Z 0042db70 f i HarrisCorners.obj
 0001:0002cbc0       ??0?$_List_unchecked_const_iterator@V?$_List_val@U?$_List_simple_types@U_PAIR2@@@std@@@std@@U_Iterator_base12@2@@std@@QAE@ABV01@@Z 0042dbc0 f i HarrisCorners.obj
 0001:0002cc10       ??0?$_List_unchecked_const_iterator@V?$_List_val@U?$_List_simple_types@U_PAIR2@@@std@@@std@@U_Iterator_base12@2@@std@@QAE@PAU?$_List_node@U_PAIR2@@PAX@1@PBV?$_List_val@U?$_List_simple_types@U_PAIR2@@@std@@@1@@Z 0042dc10 f i HarrisCorners.obj
 0001:0002ccb0       ??0?$_List_unchecked_const_iterator@V?$_List_val@U?$_List_simple_types@U_PAIR2@@@std@@@std@@U_Iterator_base12@2@@std@@QAE@XZ 0042dcb0 f i HarrisCorners.obj
 0001:0002ccf0       ??0?$_List_unchecked_const_iterator@V?$_List_val@U?$_List_simple_types@U_PAIR@@@std@@@std@@U_Iterator_base0@2@@std@@QAE@PAU?$_List_node@U_PAIR@@PAX@1@PBV?$_List_val@U?$_List_simple_types@U_PAIR@@@std@@@1@@Z 0042dcf0 f i HarrisCorners.obj
 0001:0002cd40       ??0?$_List_unchecked_const_iterator@V?$_List_val@U?$_List_simple_types@U_PAIR@@@std@@@std@@U_Iterator_base12@2@@std@@QAE@ABV01@@Z 0042dd40 f i HarrisCorners.obj
 0001:0002cd90       ??0?$_List_unchecked_const_iterator@V?$_List_val@U?$_List_simple_types@U_PAIR@@@std@@@std@@U_Iterator_base12@2@@std@@QAE@PAU?$_List_node@U_PAIR@@PAX@1@PBV?$_List_val@U?$_List_simple_types@U_PAIR@@@std@@@1@@Z 0042dd90 f i HarrisCorners.obj
 0001:0002ce30       ??0?$_List_unchecked_const_iterator@V?$_List_val@U?$_List_simple_types@U_PAIR@@@std@@@std@@U_Iterator_base12@2@@std@@QAE@XZ 0042de30 f i HarrisCorners.obj
 0001:0002ce70       ??0?$_List_unchecked_iterator@V?$_List_val@U?$_List_simple_types@U_CORNER@@@std@@@std@@@std@@QAE@PAU?$_List_node@U_CORNER@@PAX@1@PBV?$_List_val@U?$_List_simple_types@U_CORNER@@@std@@@1@@Z 0042de70 f i HarrisCorners.obj
 0001:0002ceb0       ??0?$_List_unchecked_iterator@V?$_List_val@U?$_List_simple_types@U_DOT@@@std@@@std@@@std@@QAE@PAU?$_List_node@U_DOT@@PAX@1@PBV?$_List_val@U?$_List_simple_types@U_DOT@@@std@@@1@@Z 0042deb0 f i HarrisCorners.obj
 0001:0002cef0       ??0?$_List_unchecked_iterator@V?$_List_val@U?$_List_simple_types@U_PAIR2@@@std@@@std@@@std@@QAE@PAU?$_List_node@U_PAIR2@@PAX@1@PBV?$_List_val@U?$_List_simple_types@U_PAIR2@@@std@@@1@@Z 0042def0 f i HarrisCorners.obj
 0001:0002cf30       ??0?$_List_unchecked_iterator@V?$_List_val@U?$_List_simple_types@U_PAIR@@@std@@@std@@@std@@QAE@PAU?$_List_node@U_PAIR@@PAX@1@PBV?$_List_val@U?$_List_simple_types@U_PAIR@@@std@@@1@@Z 0042df30 f i HarrisCorners.obj
 0001:0002cf70       ??0?$_List_val@U?$_List_simple_types@U_CORNER@@@std@@@std@@QAE@XZ 0042df70 f i HarrisCorners.obj
 0001:0002cfd0       ??0?$_List_val@U?$_List_simple_types@U_DOT@@@std@@@std@@QAE@XZ 0042dfd0 f i HarrisCorners.obj
 0001:0002d030       ??0?$_List_val@U?$_List_simple_types@U_PAIR2@@@std@@@std@@QAE@XZ 0042e030 f i HarrisCorners.obj
 0001:0002d090       ??0?$_List_val@U?$_List_simple_types@U_PAIR@@@std@@@std@@QAE@XZ 0042e090 f i HarrisCorners.obj
 0001:0002d0f0       ??0?$_Wrap_alloc@V?$allocator@U?$_List_node@U_CORNER@@PAX@std@@@std@@@std@@QAE@XZ 0042e0f0 f i HarrisCorners.obj
 0001:0002d120       ??0?$_Wrap_alloc@V?$allocator@U?$_List_node@U_DOT@@PAX@std@@@std@@@std@@QAE@XZ 0042e120 f i HarrisCorners.obj
 0001:0002d150       ??0?$_Wrap_alloc@V?$allocator@U?$_List_node@U_PAIR2@@PAX@std@@@std@@@std@@QAE@XZ 0042e150 f i HarrisCorners.obj
 0001:0002d180       ??0?$_Wrap_alloc@V?$allocator@U?$_List_node@U_PAIR@@PAX@std@@@std@@@std@@QAE@XZ 0042e180 f i HarrisCorners.obj
 0001:0002d1b0       ??0?$_Wrap_alloc@V?$allocator@U_Container_proxy@std@@@std@@@std@@QAE@XZ 0042e1b0 f i HarrisCorners.obj
 0001:0002d1e0       ??0?$allocator@U?$_List_node@U_CORNER@@PAX@std@@@std@@QAE@XZ 0042e1e0 f i HarrisCorners.obj
 0001:0002d200       ??0?$allocator@U?$_List_node@U_DOT@@PAX@std@@@std@@QAE@XZ 0042e200 f i HarrisCorners.obj
 0001:0002d220       ??0?$allocator@U?$_List_node@U_PAIR2@@PAX@std@@@std@@QAE@XZ 0042e220 f i HarrisCorners.obj
 0001:0002d240       ??0?$allocator@U?$_List_node@U_PAIR@@PAX@std@@@std@@QAE@XZ 0042e240 f i HarrisCorners.obj
 0001:0002d260       ??0?$allocator@U_CORNER@@@std@@QAE@XZ 0042e260 f i HarrisCorners.obj
 0001:0002d280       ??0?$allocator@U_Container_proxy@std@@@std@@QAE@XZ 0042e280 f i HarrisCorners.obj
 0001:0002d2a0       ??0?$allocator@U_DOT@@@std@@QAE@XZ 0042e2a0 f i HarrisCorners.obj
 0001:0002d2c0       ??0?$allocator@U_PAIR2@@@std@@QAE@XZ 0042e2c0 f i HarrisCorners.obj
 0001:0002d2e0       ??0?$allocator@U_PAIR@@@std@@QAE@XZ 0042e2e0 f i HarrisCorners.obj
 0001:0002d300       ??0?$list@U_CORNER@@V?$allocator@U_CORNER@@@std@@@std@@QAE@XZ 0042e300 f i HarrisCorners.obj
 0001:0002d350       ??0?$list@U_DOT@@V?$allocator@U_DOT@@@std@@@std@@QAE@XZ 0042e350 f i HarrisCorners.obj
 0001:0002d3a0       ??0?$list@U_PAIR2@@V?$allocator@U_PAIR2@@@std@@@std@@QAE@XZ 0042e3a0 f i HarrisCorners.obj
 0001:0002d3f0       ??0?$list@U_PAIR@@V?$allocator@U_PAIR@@@std@@@std@@QAE@XZ 0042e3f0 f i HarrisCorners.obj
 0001:0002d440       ??0_Container_proxy@std@@QAE@XZ 0042e440 f i HarrisCorners.obj
 0001:0002d480       ??0_Iterator_base12@std@@QAE@ABU01@@Z 0042e480 f i HarrisCorners.obj
 0001:0002d4d0       ??0_Iterator_base12@std@@QAE@XZ 0042e4d0 f i HarrisCorners.obj
 0001:0002d510       ??1?$_Iterator012@Ubidirectional_iterator_tag@std@@U_CORNER@@HPBU3@ABU3@U_Iterator_base12@2@@std@@QAE@XZ 0042e510 f i HarrisCorners.obj
 0001:0002d540       ??1?$_Iterator012@Ubidirectional_iterator_tag@std@@U_DOT@@HPBU3@ABU3@U_Iterator_base12@2@@std@@QAE@XZ 0042e540 f i HarrisCorners.obj
 0001:0002d570       ??1?$_Iterator012@Ubidirectional_iterator_tag@std@@U_PAIR2@@HPBU3@ABU3@U_Iterator_base12@2@@std@@QAE@XZ 0042e570 f i HarrisCorners.obj
 0001:0002d5a0       ??1?$_Iterator012@Ubidirectional_iterator_tag@std@@U_PAIR@@HPBU3@ABU3@U_Iterator_base12@2@@std@@QAE@XZ 0042e5a0 f i HarrisCorners.obj
 0001:0002d5d0       ??1?$_List_alloc@$0A@U?$_List_base_types@U_CORNER@@V?$allocator@U_CORNER@@@std@@@std@@@std@@QAE@XZ 0042e5d0 f i HarrisCorners.obj
 0001:0002d620       ??1?$_List_alloc@$0A@U?$_List_base_types@U_DOT@@V?$allocator@U_DOT@@@std@@@std@@@std@@QAE@XZ 0042e620 f i HarrisCorners.obj
 0001:0002d670       ??1?$_List_alloc@$0A@U?$_List_base_types@U_PAIR2@@V?$allocator@U_PAIR2@@@std@@@std@@@std@@QAE@XZ 0042e670 f i HarrisCorners.obj
 0001:0002d6c0       ??1?$_List_alloc@$0A@U?$_List_base_types@U_PAIR@@V?$allocator@U_PAIR@@@std@@@std@@@std@@QAE@XZ 0042e6c0 f i HarrisCorners.obj
 0001:0002d710       ??1?$_List_buy@U_CORNER@@V?$allocator@U_CORNER@@@std@@@std@@QAE@XZ 0042e710 f i HarrisCorners.obj
 0001:0002d740       ??1?$_List_buy@U_DOT@@V?$allocator@U_DOT@@@std@@@std@@QAE@XZ 0042e740 f i HarrisCorners.obj
 0001:0002d770       ??1?$_List_buy@U_PAIR2@@V?$allocator@U_PAIR2@@@std@@@std@@QAE@XZ 0042e770 f i HarrisCorners.obj
 0001:0002d7a0       ??1?$_List_buy@U_PAIR@@V?$allocator@U_PAIR@@@std@@@std@@QAE@XZ 0042e7a0 f i HarrisCorners.obj
 0001:0002d7d0       ??1?$_List_const_iterator@V?$_List_val@U?$_List_simple_types@U_CORNER@@@std@@@std@@@std@@QAE@XZ 0042e7d0 f i HarrisCorners.obj
 0001:0002d800       ??1?$_List_const_iterator@V?$_List_val@U?$_List_simple_types@U_DOT@@@std@@@std@@@std@@QAE@XZ 0042e800 f i HarrisCorners.obj
 0001:0002d830       ??1?$_List_const_iterator@V?$_List_val@U?$_List_simple_types@U_PAIR2@@@std@@@std@@@std@@QAE@XZ 0042e830 f i HarrisCorners.obj
 0001:0002d860       ??1?$_List_const_iterator@V?$_List_val@U?$_List_simple_types@U_PAIR@@@std@@@std@@@std@@QAE@XZ 0042e860 f i HarrisCorners.obj
 0001:0002d890       ??1?$_List_iterator@V?$_List_val@U?$_List_simple_types@U_CORNER@@@std@@@std@@@std@@QAE@XZ 0042e890 f i HarrisCorners.obj
 0001:0002d8c0       ??1?$_List_iterator@V?$_List_val@U?$_List_simple_types@U_DOT@@@std@@@std@@@std@@QAE@XZ 0042e8c0 f i HarrisCorners.obj
 0001:0002d8f0       ??1?$_List_iterator@V?$_List_val@U?$_List_simple_types@U_PAIR2@@@std@@@std@@@std@@QAE@XZ 0042e8f0 f i HarrisCorners.obj
 0001:0002d920       ??1?$_List_iterator@V?$_List_val@U?$_List_simple_types@U_PAIR@@@std@@@std@@@std@@QAE@XZ 0042e920 f i HarrisCorners.obj
 0001:0002d950       ??1?$_List_unchecked_const_iterator@V?$_List_val@U?$_List_simple_types@U_CORNER@@@std@@@std@@U_Iterator_base12@2@@std@@QAE@XZ 0042e950 f i HarrisCorners.obj
 0001:0002d980       ??1?$_List_unchecked_const_iterator@V?$_List_val@U?$_List_simple_types@U_DOT@@@std@@@std@@U_Iterator_base12@2@@std@@QAE@XZ 0042e980 f i HarrisCorners.obj
 0001:0002d9b0       ??1?$_List_unchecked_const_iterator@V?$_List_val@U?$_List_simple_types@U_PAIR2@@@std@@@std@@U_Iterator_base12@2@@std@@QAE@XZ 0042e9b0 f i HarrisCorners.obj
 0001:0002d9e0       ??1?$_List_unchecked_const_iterator@V?$_List_val@U?$_List_simple_types@U_PAIR@@@std@@@std@@U_Iterator_base12@2@@std@@QAE@XZ 0042e9e0 f i HarrisCorners.obj
 0001:0002da10       ??1?$_List_val@U?$_List_simple_types@U_CORNER@@@std@@@std@@QAE@XZ 0042ea10 f i HarrisCorners.obj
 0001:0002da50       ??1?$_List_val@U?$_List_simple_types@U_DOT@@@std@@@std@@QAE@XZ 0042ea50 f i HarrisCorners.obj
 0001:0002da90       ??1?$_List_val@U?$_List_simple_types@U_PAIR2@@@std@@@std@@QAE@XZ 0042ea90 f i HarrisCorners.obj
 0001:0002dad0       ??1?$_List_val@U?$_List_simple_types@U_PAIR@@@std@@@std@@QAE@XZ 0042ead0 f i HarrisCorners.obj
 0001:0002db10       ??1?$list@U_CORNER@@V?$allocator@U_CORNER@@@std@@@std@@QAE@XZ 0042eb10 f i HarrisCorners.obj
 0001:0002db50       ??1?$list@U_DOT@@V?$allocator@U_DOT@@@std@@@std@@QAE@XZ 0042eb50 f i HarrisCorners.obj
 0001:0002db90       ??1?$list@U_PAIR2@@V?$allocator@U_PAIR2@@@std@@@std@@QAE@XZ 0042eb90 f i HarrisCorners.obj
 0001:0002dbd0       ??1?$list@U_PAIR@@V?$allocator@U_PAIR@@@std@@@std@@QAE@XZ 0042ebd0 f i HarrisCorners.obj
 0001:0002dc10       ??1_Iterator_base12@std@@QAE@XZ 0042ec10 f i HarrisCorners.obj
 0001:0002dcc0       ??2@YAPAXIPAX@Z            0042ecc0 f i HarrisCorners.obj
 0001:0002dcd0       ??3@YAXPAX0@Z              0042ecd0 f i HarrisCorners.obj
 0001:0002dce0       ??4?$_Iterator012@Ubidirectional_iterator_tag@std@@U_CORNER@@HPBU3@ABU3@U_Iterator_base12@2@@std@@QAEAAU01@ABU01@@Z 0042ece0 f i HarrisCorners.obj
 0001:0002dd20       ??4?$_Iterator012@Ubidirectional_iterator_tag@std@@U_DOT@@HPBU3@ABU3@U_Iterator_base12@2@@std@@QAEAAU01@ABU01@@Z 0042ed20 f i HarrisCorners.obj
 0001:0002dd60       ??4?$_Iterator012@Ubidirectional_iterator_tag@std@@U_PAIR2@@HPBU3@ABU3@U_Iterator_base12@2@@std@@QAEAAU01@ABU01@@Z 0042ed60 f i HarrisCorners.obj
 0001:0002dda0       ??4?$_Iterator012@Ubidirectional_iterator_tag@std@@U_PAIR@@HPBU3@ABU3@U_Iterator_base12@2@@std@@QAEAAU01@ABU01@@Z 0042eda0 f i HarrisCorners.obj
 0001:0002dde0       ??4?$_List_const_iterator@V?$_List_val@U?$_List_simple_types@U_CORNER@@@std@@@std@@@std@@QAEAAV01@ABV01@@Z 0042ede0 f i HarrisCorners.obj
 0001:0002de20       ??4?$_List_const_iterator@V?$_List_val@U?$_List_simple_types@U_DOT@@@std@@@std@@@std@@QAEAAV01@ABV01@@Z 0042ee20 f i HarrisCorners.obj
 0001:0002de60       ??4?$_List_const_iterator@V?$_List_val@U?$_List_simple_types@U_PAIR2@@@std@@@std@@@std@@QAEAAV01@ABV01@@Z 0042ee60 f i HarrisCorners.obj
 0001:0002dea0       ??4?$_List_const_iterator@V?$_List_val@U?$_List_simple_types@U_PAIR@@@std@@@std@@@std@@QAEAAV01@ABV01@@Z 0042eea0 f i HarrisCorners.obj
 0001:0002dee0       ??4?$_List_iterator@V?$_List_val@U?$_List_simple_types@U_CORNER@@@std@@@std@@@std@@QAEAAV01@ABV01@@Z 0042eee0 f i HarrisCorners.obj
 0001:0002df20       ??4?$_List_iterator@V?$_List_val@U?$_List_simple_types@U_DOT@@@std@@@std@@@std@@QAEAAV01@ABV01@@Z 0042ef20 f i HarrisCorners.obj
 0001:0002df60       ??4?$_List_iterator@V?$_List_val@U?$_List_simple_types@U_PAIR2@@@std@@@std@@@std@@QAEAAV01@ABV01@@Z 0042ef60 f i HarrisCorners.obj
 0001:0002dfa0       ??4?$_List_iterator@V?$_List_val@U?$_List_simple_types@U_PAIR@@@std@@@std@@@std@@QAEAAV01@ABV01@@Z 0042efa0 f i HarrisCorners.obj
 0001:0002dfe0       ??4?$_List_unchecked_const_iterator@V?$_List_val@U?$_List_simple_types@U_CORNER@@@std@@@std@@U_Iterator_base12@2@@std@@QAEAAV01@ABV01@@Z 0042efe0 f i HarrisCorners.obj
 0001:0002e030       ??4?$_List_unchecked_const_iterator@V?$_List_val@U?$_List_simple_types@U_DOT@@@std@@@std@@U_Iterator_base12@2@@std@@QAEAAV01@ABV01@@Z 0042f030 f i HarrisCorners.obj
 0001:0002e080       ??4?$_List_unchecked_const_iterator@V?$_List_val@U?$_List_simple_types@U_PAIR2@@@std@@@std@@U_Iterator_base12@2@@std@@QAEAAV01@ABV01@@Z 0042f080 f i HarrisCorners.obj
 0001:0002e0d0       ??4?$_List_unchecked_const_iterator@V?$_List_val@U?$_List_simple_types@U_PAIR@@@std@@@std@@U_Iterator_base12@2@@std@@QAEAAV01@ABV01@@Z 0042f0d0 f i HarrisCorners.obj
 0001:0002e120       ??4_Iterator_base12@std@@QAEAAU01@ABU01@@Z 0042f120 f i HarrisCorners.obj
 0001:0002e250       ??8?$_List_const_iterator@V?$_List_val@U?$_List_simple_types@U_CORNER@@@std@@@std@@@std@@QBE_NABV01@@Z 0042f250 f i HarrisCorners.obj
 0001:0002e390       ??8?$_List_const_iterator@V?$_List_val@U?$_List_simple_types@U_DOT@@@std@@@std@@@std@@QBE_NABV01@@Z 0042f390 f i HarrisCorners.obj
 0001:0002e4d0       ??8?$_List_const_iterator@V?$_List_val@U?$_List_simple_types@U_PAIR2@@@std@@@std@@@std@@QBE_NABV01@@Z 0042f4d0 f i HarrisCorners.obj
 0001:0002e610       ??8?$_List_const_iterator@V?$_List_val@U?$_List_simple_types@U_PAIR@@@std@@@std@@@std@@QBE_NABV01@@Z 0042f610 f i HarrisCorners.obj
 0001:0002e750       ??9?$_List_const_iterator@V?$_List_val@U?$_List_simple_types@U_CORNER@@@std@@@std@@@std@@QBE_NABV01@@Z 0042f750 f i HarrisCorners.obj
 0001:0002e7b0       ??9?$_List_const_iterator@V?$_List_val@U?$_List_simple_types@U_DOT@@@std@@@std@@@std@@QBE_NABV01@@Z 0042f7b0 f i HarrisCorners.obj
 0001:0002e810       ??9?$_List_const_iterator@V?$_List_val@U?$_List_simple_types@U_PAIR2@@@std@@@std@@@std@@QBE_NABV01@@Z 0042f810 f i HarrisCorners.obj
 0001:0002e870       ??9?$_List_const_iterator@V?$_List_val@U?$_List_simple_types@U_PAIR@@@std@@@std@@@std@@QBE_NABV01@@Z 0042f870 f i HarrisCorners.obj
 0001:0002e8d0       ??C?$_List_iterator@V?$_List_val@U?$_List_simple_types@U_CORNER@@@std@@@std@@@std@@QBEPAU_CORNER@@XZ 0042f8d0 f i HarrisCorners.obj
 0001:0002e910       ??C?$_List_iterator@V?$_List_val@U?$_List_simple_types@U_DOT@@@std@@@std@@@std@@QBEPAU_DOT@@XZ 0042f910 f i HarrisCorners.obj
 0001:0002e950       ??C?$_List_iterator@V?$_List_val@U?$_List_simple_types@U_PAIR2@@@std@@@std@@@std@@QBEPAU_PAIR2@@XZ 0042f950 f i HarrisCorners.obj
 0001:0002e990       ??C?$_List_iterator@V?$_List_val@U?$_List_simple_types@U_PAIR@@@std@@@std@@@std@@QBEPAU_PAIR@@XZ 0042f990 f i HarrisCorners.obj
 0001:0002e9d0       ??D?$_List_const_iterator@V?$_List_val@U?$_List_simple_types@U_CORNER@@@std@@@std@@@std@@QBEABU_CORNER@@XZ 0042f9d0 f i HarrisCorners.obj
 0001:0002eaf0       ??D?$_List_const_iterator@V?$_List_val@U?$_List_simple_types@U_DOT@@@std@@@std@@@std@@QBEABU_DOT@@XZ 0042faf0 f i HarrisCorners.obj
 0001:0002ec10       ??D?$_List_const_iterator@V?$_List_val@U?$_List_simple_types@U_PAIR2@@@std@@@std@@@std@@QBEABU_PAIR2@@XZ 0042fc10 f i HarrisCorners.obj
 0001:0002ed30       ??D?$_List_const_iterator@V?$_List_val@U?$_List_simple_types@U_PAIR@@@std@@@std@@@std@@QBEABU_PAIR@@XZ 0042fd30 f i HarrisCorners.obj
 0001:0002ee50       ??D?$_List_iterator@V?$_List_val@U?$_List_simple_types@U_CORNER@@@std@@@std@@@std@@QBEAAU_CORNER@@XZ 0042fe50 f i HarrisCorners.obj
 0001:0002ee80       ??D?$_List_iterator@V?$_List_val@U?$_List_simple_types@U_DOT@@@std@@@std@@@std@@QBEAAU_DOT@@XZ 0042fe80 f i HarrisCorners.obj
 0001:0002eeb0       ??D?$_List_iterator@V?$_List_val@U?$_List_simple_types@U_PAIR2@@@std@@@std@@@std@@QBEAAU_PAIR2@@XZ 0042feb0 f i HarrisCorners.obj
 0001:0002eee0       ??D?$_List_iterator@V?$_List_val@U?$_List_simple_types@U_PAIR@@@std@@@std@@@std@@QBEAAU_PAIR@@XZ 0042fee0 f i HarrisCorners.obj
 0001:0002ef10       ??E?$_List_const_iterator@V?$_List_val@U?$_List_simple_types@U_CORNER@@@std@@@std@@@std@@QAEAAV01@XZ 0042ff10 f i HarrisCorners.obj
 0001:0002f040       ??E?$_List_const_iterator@V?$_List_val@U?$_List_simple_types@U_DOT@@@std@@@std@@@std@@QAE?AV01@H@Z 00430040 f i HarrisCorners.obj
 0001:0002f150       ??E?$_List_const_iterator@V?$_List_val@U?$_List_simple_types@U_DOT@@@std@@@std@@@std@@QAEAAV01@XZ 00430150 f i HarrisCorners.obj
 0001:0002f280       ??E?$_List_const_iterator@V?$_List_val@U?$_List_simple_types@U_PAIR2@@@std@@@std@@@std@@QAE?AV01@H@Z 00430280 f i HarrisCorners.obj
 0001:0002f390       ??E?$_List_const_iterator@V?$_List_val@U?$_List_simple_types@U_PAIR2@@@std@@@std@@@std@@QAEAAV01@XZ 00430390 f i HarrisCorners.obj
 0001:0002f4c0       ??E?$_List_const_iterator@V?$_List_val@U?$_List_simple_types@U_PAIR@@@std@@@std@@@std@@QAE?AV01@H@Z 004304c0 f i HarrisCorners.obj
 0001:0002f5d0       ??E?$_List_const_iterator@V?$_List_val@U?$_List_simple_types@U_PAIR@@@std@@@std@@@std@@QAEAAV01@XZ 004305d0 f i HarrisCorners.obj
 0001:0002f700       ??E?$_List_iterator@V?$_List_val@U?$_List_simple_types@U_CORNER@@@std@@@std@@@std@@QAE?AV01@H@Z 00430700 f i HarrisCorners.obj
 0001:0002f810       ??E?$_List_iterator@V?$_List_val@U?$_List_simple_types@U_CORNER@@@std@@@std@@@std@@QAEAAV01@XZ 00430810 f i HarrisCorners.obj
 0001:0002f840       ??E?$_List_iterator@V?$_List_val@U?$_List_simple_types@U_DOT@@@std@@@std@@@std@@QAE?AV01@H@Z 00430840 f i HarrisCorners.obj
 0001:0002f950       ??E?$_List_iterator@V?$_List_val@U?$_List_simple_types@U_DOT@@@std@@@std@@@std@@QAEAAV01@XZ 00430950 f i HarrisCorners.obj
 0001:0002f980       ??E?$_List_iterator@V?$_List_val@U?$_List_simple_types@U_PAIR2@@@std@@@std@@@std@@QAE?AV01@H@Z 00430980 f i HarrisCorners.obj
 0001:0002fa90       ??E?$_List_iterator@V?$_List_val@U?$_List_simple_types@U_PAIR2@@@std@@@std@@@std@@QAEAAV01@XZ 00430a90 f i HarrisCorners.obj
 0001:0002fac0       ??E?$_List_iterator@V?$_List_val@U?$_List_simple_types@U_PAIR@@@std@@@std@@@std@@QAE?AV01@H@Z 00430ac0 f i HarrisCorners.obj
 0001:0002fbd0       ??E?$_List_iterator@V?$_List_val@U?$_List_simple_types@U_PAIR@@@std@@@std@@@std@@QAEAAV01@XZ 00430bd0 f i HarrisCorners.obj
 0001:0002fc00       ?_Adopt@_Iterator_base0@std@@QAEXPBX@Z 00430c00 f i HarrisCorners.obj
 0001:0002fc20       ?_Adopt@_Iterator_base12@std@@QAEXPBU_Container_base12@2@@Z 00430c20 f i HarrisCorners.obj
 0001:0002fdd0       ?_Alloc_proxy@?$_List_alloc@$0A@U?$_List_base_types@U_CORNER@@V?$allocator@U_CORNER@@@std@@@std@@@std@@QAEXXZ 00430dd0 f i HarrisCorners.obj
 0001:0002fe90       ?_Alloc_proxy@?$_List_alloc@$0A@U?$_List_base_types@U_DOT@@V?$allocator@U_DOT@@@std@@@std@@@std@@QAEXXZ 00430e90 f i HarrisCorners.obj
 0001:0002ff50       ?_Alloc_proxy@?$_List_alloc@$0A@U?$_List_base_types@U_PAIR2@@V?$allocator@U_PAIR2@@@std@@@std@@@std@@QAEXXZ 00430f50 f i HarrisCorners.obj
 0001:00030010       ?_Alloc_proxy@?$_List_alloc@$0A@U?$_List_base_types@U_PAIR@@V?$allocator@U_PAIR@@@std@@@std@@@std@@QAEXXZ 00431010 f i HarrisCorners.obj
 0001:000300d0       ?_Buyheadnode@?$_List_alloc@$0A@U?$_List_base_types@U_CORNER@@V?$allocator@U_CORNER@@@std@@@std@@@std@@QAEPAU?$_List_node@U_CORNER@@PAX@2@XZ 004310d0 f i HarrisCorners.obj
 0001:00030110       ?_Buyheadnode@?$_List_alloc@$0A@U?$_List_base_types@U_DOT@@V?$allocator@U_DOT@@@std@@@std@@@std@@QAEPAU?$_List_node@U_DOT@@PAX@2@XZ 00431110 f i HarrisCorners.obj
 0001:00030150       ?_Buyheadnode@?$_List_alloc@$0A@U?$_List_base_types@U_PAIR2@@V?$allocator@U_PAIR2@@@std@@@std@@@std@@QAEPAU?$_List_node@U_PAIR2@@PAX@2@XZ 00431150 f i HarrisCorners.obj
 0001:00030190       ?_Buyheadnode@?$_List_alloc@$0A@U?$_List_base_types@U_PAIR@@V?$allocator@U_PAIR@@@std@@@std@@@std@@QAEPAU?$_List_node@U_PAIR@@PAX@2@XZ 00431190 f i HarrisCorners.obj
 0001:000301d0       ?_Buynode0@?$_List_alloc@$0A@U?$_List_base_types@U_CORNER@@V?$allocator@U_CORNER@@@std@@@std@@@std@@QAEPAU?$_List_node@U_CORNER@@PAX@2@PAU32@0@Z 004311d0 f i HarrisCorners.obj
 0001:00030370       ?_Buynode0@?$_List_alloc@$0A@U?$_List_base_types@U_DOT@@V?$allocator@U_DOT@@@std@@@std@@@std@@QAEPAU?$_List_node@U_DOT@@PAX@2@PAU32@0@Z 00431370 f i HarrisCorners.obj
 0001:00030510       ?_Buynode0@?$_List_alloc@$0A@U?$_List_base_types@U_PAIR2@@V?$allocator@U_PAIR2@@@std@@@std@@@std@@QAEPAU?$_List_node@U_PAIR2@@PAX@2@PAU32@0@Z 00431510 f i HarrisCorners.obj
 0001:000306b0       ?_Buynode0@?$_List_alloc@$0A@U?$_List_base_types@U_PAIR@@V?$allocator@U_PAIR@@@std@@@std@@@std@@QAEPAU?$_List_node@U_PAIR@@PAX@2@PAU32@0@Z 004316b0 f i HarrisCorners.obj
 0001:00030850       ?_Clrcont@_Iterator_base12@std@@QAEXXZ 00431850 f i HarrisCorners.obj
 0001:00030880       ?_Free_proxy@?$_List_alloc@$0A@U?$_List_base_types@U_CORNER@@V?$allocator@U_CORNER@@@std@@@std@@@std@@QAEXXZ 00431880 f i HarrisCorners.obj
 0001:00030940       ?_Free_proxy@?$_List_alloc@$0A@U?$_List_base_types@U_DOT@@V?$allocator@U_DOT@@@std@@@std@@@std@@QAEXXZ 00431940 f i HarrisCorners.obj
 0001:00030a00       ?_Free_proxy@?$_List_alloc@$0A@U?$_List_base_types@U_PAIR2@@V?$allocator@U_PAIR2@@@std@@@std@@@std@@QAEXXZ 00431a00 f i HarrisCorners.obj
 0001:00030ac0       ?_Free_proxy@?$_List_alloc@$0A@U?$_List_base_types@U_PAIR@@V?$allocator@U_PAIR@@@std@@@std@@@std@@QAEXXZ 00431ac0 f i HarrisCorners.obj
 0001:00030b80       ?_Freeheadnode@?$_List_alloc@$0A@U?$_List_base_types@U_CORNER@@V?$allocator@U_CORNER@@@std@@@std@@@std@@QAEXPAU?$_List_node@U_CORNER@@PAX@2@@Z 00431b80 f i HarrisCorners.obj
 0001:00030c40       ?_Freeheadnode@?$_List_alloc@$0A@U?$_List_base_types@U_DOT@@V?$allocator@U_DOT@@@std@@@std@@@std@@QAEXPAU?$_List_node@U_DOT@@PAX@2@@Z 00431c40 f i HarrisCorners.obj
 0001:00030d00       ?_Freeheadnode@?$_List_alloc@$0A@U?$_List_base_types@U_PAIR2@@V?$allocator@U_PAIR2@@@std@@@std@@@std@@QAEXPAU?$_List_node@U_PAIR2@@PAX@2@@Z 00431d00 f i HarrisCorners.obj
 0001:00030dc0       ?_Freeheadnode@?$_List_alloc@$0A@U?$_List_base_types@U_PAIR@@V?$allocator@U_PAIR@@@std@@@std@@@std@@QAEXPAU?$_List_node@U_PAIR@@PAX@2@@Z 00431dc0 f i HarrisCorners.obj
 0001:00030e80       ?_Freenode@?$_List_buy@U_CORNER@@V?$allocator@U_CORNER@@@std@@@std@@QAEXPAU?$_List_node@U_CORNER@@PAX@2@@Z 00431e80 f i HarrisCorners.obj
 0001:00030f70       ?_Freenode@?$_List_buy@U_DOT@@V?$allocator@U_DOT@@@std@@@std@@QAEXPAU?$_List_node@U_DOT@@PAX@2@@Z 00431f70 f i HarrisCorners.obj
 0001:00031060       ?_Freenode@?$_List_buy@U_PAIR2@@V?$allocator@U_PAIR2@@@std@@@std@@QAEXPAU?$_List_node@U_PAIR2@@PAX@2@@Z 00432060 f i HarrisCorners.obj
 0001:00031150       ?_Freenode@?$_List_buy@U_PAIR@@V?$allocator@U_PAIR@@@std@@@std@@QAEXPAU?$_List_node@U_PAIR@@PAX@2@@Z 00432150 f i HarrisCorners.obj
 0001:00031240       ?_Getal@?$_List_alloc@$0A@U?$_List_base_types@U_CORNER@@V?$allocator@U_CORNER@@@std@@@std@@@std@@QBE?AU?$_Wrap_alloc@V?$allocator@U?$_List_node@U_CORNER@@PAX@std@@@std@@@2@XZ 00432240 f i HarrisCorners.obj
 0001:00031280       ?_Getal@?$_List_alloc@$0A@U?$_List_base_types@U_DOT@@V?$allocator@U_DOT@@@std@@@std@@@std@@QBE?AU?$_Wrap_alloc@V?$allocator@U?$_List_node@U_DOT@@PAX@std@@@std@@@2@XZ 00432280 f i HarrisCorners.obj
 0001:000312c0       ?_Getal@?$_List_alloc@$0A@U?$_List_base_types@U_PAIR2@@V?$allocator@U_PAIR2@@@std@@@std@@@std@@QBE?AU?$_Wrap_alloc@V?$allocator@U?$_List_node@U_PAIR2@@PAX@std@@@std@@@2@XZ 004322c0 f i HarrisCorners.obj
 0001:00031300       ?_Getal@?$_List_alloc@$0A@U?$_List_base_types@U_PAIR@@V?$allocator@U_PAIR@@@std@@@std@@@std@@QBE?AU?$_Wrap_alloc@V?$allocator@U?$_List_node@U_PAIR@@PAX@std@@@std@@@2@XZ 00432300 f i HarrisCorners.obj
 0001:00031340       ?_Getcont@_Iterator_base12@std@@QBEPBU_Container_base12@2@XZ 00432340 f i HarrisCorners.obj
 0001:00031390       ?_Getpnext@_Iterator_base12@std@@QAEPAPAU12@XZ 00432390 f i HarrisCorners.obj
 0001:000313b0       ?_Incsize@?$list@U_CORNER@@V?$allocator@U_CORNER@@@std@@@std@@QAEXI@Z 004323b0 f i HarrisCorners.obj
 0001:00031420       ?_Incsize@?$list@U_DOT@@V?$allocator@U_DOT@@@std@@@std@@QAEXI@Z 00432420 f i HarrisCorners.obj
 0001:00031490       ?_Incsize@?$list@U_PAIR2@@V?$allocator@U_PAIR2@@@std@@@std@@QAEXI@Z 00432490 f i HarrisCorners.obj
 0001:00031500       ?_Incsize@?$list@U_PAIR@@V?$allocator@U_PAIR@@@std@@@std@@QAEXI@Z 00432500 f i HarrisCorners.obj
 0001:00031570       ?_Make_iter@?$list@U_DOT@@V?$allocator@U_DOT@@@std@@@std@@QBE?AV?$_List_iterator@V?$_List_val@U?$_List_simple_types@U_DOT@@@std@@@std@@@2@V?$_List_const_iterator@V?$_List_val@U?$_List_simple_types@U_DOT@@@std@@@std@@@2@@Z 00432570 f i HarrisCorners.obj
 0001:000315c0       ?_Make_iter@?$list@U_PAIR2@@V?$allocator@U_PAIR2@@@std@@@std@@QBE?AV?$_List_iterator@V?$_List_val@U?$_List_simple_types@U_PAIR2@@@std@@@std@@@2@V?$_List_const_iterator@V?$_List_val@U?$_List_simple_types@U_PAIR2@@@std@@@std@@@2@@Z 004325c0 f i HarrisCorners.obj
 0001:00031610       ?_Make_iter@?$list@U_PAIR@@V?$allocator@U_PAIR@@@std@@@std@@QBE?AV?$_List_iterator@V?$_List_val@U?$_List_simple_types@U_PAIR@@@std@@@std@@@2@V?$_List_const_iterator@V?$_List_val@U?$_List_simple_types@U_PAIR@@@std@@@std@@@2@@Z 00432610 f i HarrisCorners.obj
 0001:00031660       ?_Mynode@?$_List_unchecked_const_iterator@V?$_List_val@U?$_List_simple_types@U_CORNER@@@std@@@std@@U_Iterator_base0@2@@std@@QBEPAU?$_List_node@U_CORNER@@PAX@2@XZ 00432660 f i HarrisCorners.obj
 0001:00031680       ?_Mynode@?$_List_unchecked_const_iterator@V?$_List_val@U?$_List_simple_types@U_DOT@@@std@@@std@@U_Iterator_base0@2@@std@@QBEPAU?$_List_node@U_DOT@@PAX@2@XZ 00432680 f i HarrisCorners.obj
 0001:000316a0       ?_Mynode@?$_List_unchecked_const_iterator@V?$_List_val@U?$_List_simple_types@U_DOT@@@std@@@std@@U_Iterator_base12@2@@std@@QBEPAU?$_List_node@U_DOT@@PAX@2@XZ 004326a0 f i HarrisCorners.obj
 0001:000316c0       ?_Mynode@?$_List_unchecked_const_iterator@V?$_List_val@U?$_List_simple_types@U_PAIR2@@@std@@@std@@U_Iterator_base0@2@@std@@QBEPAU?$_List_node@U_PAIR2@@PAX@2@XZ 004326c0 f i HarrisCorners.obj
 0001:000316e0       ?_Mynode@?$_List_unchecked_const_iterator@V?$_List_val@U?$_List_simple_types@U_PAIR2@@@std@@@std@@U_Iterator_base12@2@@std@@QBEPAU?$_List_node@U_PAIR2@@PAX@2@XZ 004326e0 f i HarrisCorners.obj
 0001:00031700       ?_Mynode@?$_List_unchecked_const_iterator@V?$_List_val@U?$_List_simple_types@U_PAIR@@@std@@@std@@U_Iterator_base0@2@@std@@QBEPAU?$_List_node@U_PAIR@@PAX@2@XZ 00432700 f i HarrisCorners.obj
 0001:00031720       ?_Mynode@?$_List_unchecked_const_iterator@V?$_List_val@U?$_List_simple_types@U_PAIR@@@std@@@std@@U_Iterator_base12@2@@std@@QBEPAU?$_List_node@U_PAIR@@PAX@2@XZ 00432720 f i HarrisCorners.obj
 0001:00031740       ?_Myval@?$_List_val@U?$_List_simple_types@U_CORNER@@@std@@@std@@SAAAU_CORNER@@PAU?$_List_node@U_CORNER@@PAX@2@@Z 00432740 f i HarrisCorners.obj
 0001:00031750       ?_Myval@?$_List_val@U?$_List_simple_types@U_DOT@@@std@@@std@@SAAAU_DOT@@PAU?$_List_node@U_DOT@@PAX@2@@Z 00432750 f i HarrisCorners.obj
 0001:00031760       ?_Myval@?$_List_val@U?$_List_simple_types@U_PAIR2@@@std@@@std@@SAAAU_PAIR2@@PAU?$_List_node@U_PAIR2@@PAX@2@@Z 00432760 f i HarrisCorners.obj
 0001:00031770       ?_Myval@?$_List_val@U?$_List_simple_types@U_PAIR@@@std@@@std@@SAAAU_PAIR@@PAU?$_List_node@U_PAIR@@PAX@2@@Z 00432770 f i HarrisCorners.obj
 0001:00031780       ?_Nextnode@?$_List_val@U?$_List_simple_types@U_CORNER@@@std@@@std@@SAAAPAU?$_List_node@U_CORNER@@PAX@2@PAU32@@Z 00432780 f i HarrisCorners.obj
 0001:00031790       ?_Nextnode@?$_List_val@U?$_List_simple_types@U_DOT@@@std@@@std@@SAAAPAU?$_List_node@U_DOT@@PAX@2@PAU32@@Z 00432790 f i HarrisCorners.obj
 0001:000317a0       ?_Nextnode@?$_List_val@U?$_List_simple_types@U_PAIR2@@@std@@@std@@SAAAPAU?$_List_node@U_PAIR2@@PAX@2@PAU32@@Z 004327a0 f i HarrisCorners.obj
 0001:000317b0       ?_Nextnode@?$_List_val@U?$_List_simple_types@U_PAIR@@@std@@@std@@SAAAPAU?$_List_node@U_PAIR@@PAX@2@PAU32@@Z 004327b0 f i HarrisCorners.obj
 0001:000317c0       ?_Orphan_me@_Iterator_base12@std@@QAEXXZ 004327c0 f i HarrisCorners.obj
 0001:00031880       ?_Orphan_ptr@?$list@U_CORNER@@V?$allocator@U_CORNER@@@std@@@std@@QBEXAAV12@PAU?$_List_node@U_CORNER@@PAX@2@@Z 00432880 f i HarrisCorners.obj
 0001:00031a00       ?_Orphan_ptr@?$list@U_DOT@@V?$allocator@U_DOT@@@std@@@std@@QBEXAAV12@PAU?$_List_node@U_DOT@@PAX@2@@Z 00432a00 f i HarrisCorners.obj
 0001:00031b80       ?_Orphan_ptr@?$list@U_PAIR2@@V?$allocator@U_PAIR2@@@std@@@std@@QBEXAAV12@PAU?$_List_node@U_PAIR2@@PAX@2@@Z 00432b80 f i HarrisCorners.obj
 0001:00031d00       ?_Orphan_ptr@?$list@U_PAIR@@V?$allocator@U_PAIR@@@std@@@std@@QBEXAAV12@PAU?$_List_node@U_PAIR@@PAX@2@@Z 00432d00 f i HarrisCorners.obj
 0001:00031e80       ?_Prevnode@?$_List_val@U?$_List_simple_types@U_CORNER@@@std@@@std@@SAAAPAU?$_List_node@U_CORNER@@PAX@2@PAU32@@Z 00432e80 f i HarrisCorners.obj
 0001:00031e90       ?_Prevnode@?$_List_val@U?$_List_simple_types@U_DOT@@@std@@@std@@SAAAPAU?$_List_node@U_DOT@@PAX@2@PAU32@@Z 00432e90 f i HarrisCorners.obj
 0001:00031ea0       ?_Prevnode@?$_List_val@U?$_List_simple_types@U_PAIR2@@@std@@@std@@SAAAPAU?$_List_node@U_PAIR2@@PAX@2@PAU32@@Z 00432ea0 f i HarrisCorners.obj
 0001:00031eb0       ?_Prevnode@?$_List_val@U?$_List_simple_types@U_PAIR@@@std@@@std@@SAAAPAU?$_List_node@U_PAIR@@PAX@2@PAU32@@Z 00432eb0 f i HarrisCorners.obj
 0001:00031ec0       ?_Tidy@?$list@U_CORNER@@V?$allocator@U_CORNER@@@std@@@std@@QAEXXZ 00432ec0 f i HarrisCorners.obj
 0001:00031ef0       ?_Tidy@?$list@U_DOT@@V?$allocator@U_DOT@@@std@@@std@@QAEXXZ 00432ef0 f i HarrisCorners.obj
 0001:00031f20       ?_Tidy@?$list@U_PAIR2@@V?$allocator@U_PAIR2@@@std@@@std@@QAEXXZ 00432f20 f i HarrisCorners.obj
 0001:00031f50       ?_Tidy@?$list@U_PAIR@@V?$allocator@U_PAIR@@@std@@@std@@QAEXXZ 00432f50 f i HarrisCorners.obj
 0001:00031f80       ?_Unchecked_end@?$list@U_CORNER@@V?$allocator@U_CORNER@@@std@@@std@@QAE?AV?$_List_unchecked_iterator@V?$_List_val@U?$_List_simple_types@U_CORNER@@@std@@@std@@@2@XZ 00432f80 f i HarrisCorners.obj
 0001:00031fd0       ?_Unchecked_end@?$list@U_DOT@@V?$allocator@U_DOT@@@std@@@std@@QAE?AV?$_List_unchecked_iterator@V?$_List_val@U?$_List_simple_types@U_DOT@@@std@@@std@@@2@XZ 00432fd0 f i HarrisCorners.obj
 0001:00032020       ?_Unchecked_end@?$list@U_PAIR2@@V?$allocator@U_PAIR2@@@std@@@std@@QAE?AV?$_List_unchecked_iterator@V?$_List_val@U?$_List_simple_types@U_PAIR2@@@std@@@std@@@2@XZ 00433020 f i HarrisCorners.obj
 0001:00032070       ?_Unchecked_end@?$list@U_PAIR@@V?$allocator@U_PAIR@@@std@@@std@@QAE?AV?$_List_unchecked_iterator@V?$_List_val@U?$_List_simple_types@U_PAIR@@@std@@@std@@@2@XZ 00433070 f i HarrisCorners.obj
 0001:000320c0       ?_Unlinknode@?$list@U_DOT@@V?$allocator@U_DOT@@@std@@@std@@QAEPAU?$_List_node@U_DOT@@PAX@2@V?$_List_const_iterator@V?$_List_val@U?$_List_simple_types@U_DOT@@@std@@@std@@@2@@Z 004330c0 f i HarrisCorners.obj
 0001:00032240       ?_Unlinknode@?$list@U_PAIR2@@V?$allocator@U_PAIR2@@@std@@@std@@QAEPAU?$_List_node@U_PAIR2@@PAX@2@V?$_List_const_iterator@V?$_List_val@U?$_List_simple_types@U_PAIR2@@@std@@@std@@@2@@Z 00433240 f i HarrisCorners.obj
 0001:000323c0       ?_Unlinknode@?$list@U_PAIR@@V?$allocator@U_PAIR@@@std@@@std@@QAEPAU?$_List_node@U_PAIR@@PAX@2@V?$_List_const_iterator@V?$_List_val@U?$_List_simple_types@U_PAIR@@@std@@@std@@@2@@Z 004333c0 f i HarrisCorners.obj
 0001:00032540       ?abs@@YAMM@Z               00433540 f i HarrisCorners.obj
 0001:00032570       ?allocate@?$_Wrap_alloc@V?$allocator@U?$_List_node@U_CORNER@@PAX@std@@@std@@@std@@QAEPAU?$_List_node@U_CORNER@@PAX@2@I@Z 00433570 f i HarrisCorners.obj
 0001:000325b0       ?allocate@?$_Wrap_alloc@V?$allocator@U?$_List_node@U_DOT@@PAX@std@@@std@@@std@@QAEPAU?$_List_node@U_DOT@@PAX@2@I@Z 004335b0 f i HarrisCorners.obj
 0001:000325f0       ?allocate@?$_Wrap_alloc@V?$allocator@U?$_List_node@U_PAIR2@@PAX@std@@@std@@@std@@QAEPAU?$_List_node@U_PAIR2@@PAX@2@I@Z 004335f0 f i HarrisCorners.obj
 0001:00032630       ?allocate@?$_Wrap_alloc@V?$allocator@U?$_List_node@U_PAIR@@PAX@std@@@std@@@std@@QAEPAU?$_List_node@U_PAIR@@PAX@2@I@Z 00433630 f i HarrisCorners.obj
 0001:00032670       ?allocate@?$_Wrap_alloc@V?$allocator@U_Container_proxy@std@@@std@@@std@@QAEPAU_Container_proxy@2@I@Z 00433670 f i HarrisCorners.obj
 0001:000326b0       ?allocate@?$allocator@U?$_List_node@U_CORNER@@PAX@std@@@std@@QAEPAU?$_List_node@U_CORNER@@PAX@2@I@Z 004336b0 f i HarrisCorners.obj
 0001:000326f0       ?allocate@?$allocator@U?$_List_node@U_DOT@@PAX@std@@@std@@QAEPAU?$_List_node@U_DOT@@PAX@2@I@Z 004336f0 f i HarrisCorners.obj
 0001:00032730       ?allocate@?$allocator@U?$_List_node@U_PAIR2@@PAX@std@@@std@@QAEPAU?$_List_node@U_PAIR2@@PAX@2@I@Z 00433730 f i HarrisCorners.obj
 0001:00032770       ?allocate@?$allocator@U?$_List_node@U_PAIR@@PAX@std@@@std@@QAEPAU?$_List_node@U_PAIR@@PAX@2@I@Z 00433770 f i HarrisCorners.obj
 0001:000327b0       ?allocate@?$allocator@U_Container_proxy@std@@@std@@QAEPAU_Container_proxy@2@I@Z 004337b0 f i HarrisCorners.obj
 0001:000327f0       ?atan@@YAMM@Z              004337f0 f i HarrisCorners.obj
 0001:00032820       ?begin@?$list@U_CORNER@@V?$allocator@U_CORNER@@@std@@@std@@QAE?AV?$_List_iterator@V?$_List_val@U?$_List_simple_types@U_CORNER@@@std@@@std@@@2@XZ 00433820 f i HarrisCorners.obj
 0001:00032870       ?begin@?$list@U_DOT@@V?$allocator@U_DOT@@@std@@@std@@QAE?AV?$_List_iterator@V?$_List_val@U?$_List_simple_types@U_DOT@@@std@@@std@@@2@XZ 00433870 f i HarrisCorners.obj
 0001:000328c0       ?begin@?$list@U_PAIR2@@V?$allocator@U_PAIR2@@@std@@@std@@QAE?AV?$_List_iterator@V?$_List_val@U?$_List_simple_types@U_PAIR2@@@std@@@std@@@2@XZ 004338c0 f i HarrisCorners.obj
 0001:00032910       ?begin@?$list@U_PAIR@@V?$allocator@U_PAIR@@@std@@@std@@QAE?AV?$_List_iterator@V?$_List_val@U?$_List_simple_types@U_PAIR@@@std@@@std@@@2@XZ 00433910 f i HarrisCorners.obj
 0001:00032960       ?clear@?$list@U_CORNER@@V?$allocator@U_CORNER@@@std@@@std@@QAEXXZ 00433960 f i HarrisCorners.obj
 0001:00032a50       ?clear@?$list@U_DOT@@V?$allocator@U_DOT@@@std@@@std@@QAEXXZ 00433a50 f i HarrisCorners.obj
 0001:00032b40       ?clear@?$list@U_PAIR2@@V?$allocator@U_PAIR2@@@std@@@std@@QAEXXZ 00433b40 f i HarrisCorners.obj
 0001:00032c30       ?clear@?$list@U_PAIR@@V?$allocator@U_PAIR@@@std@@@std@@QAEXXZ 00433c30 f i HarrisCorners.obj
 0001:00032d20       ?deallocate@?$_Wrap_alloc@V?$allocator@U?$_List_node@U_CORNER@@PAX@std@@@std@@@std@@QAEXPAU?$_List_node@U_CORNER@@PAX@2@I@Z 00433d20 f i HarrisCorners.obj
 0001:00032d60       ?deallocate@?$_Wrap_alloc@V?$allocator@U?$_List_node@U_DOT@@PAX@std@@@std@@@std@@QAEXPAU?$_List_node@U_DOT@@PAX@2@I@Z 00433d60 f i HarrisCorners.obj
 0001:00032da0       ?deallocate@?$_Wrap_alloc@V?$allocator@U?$_List_node@U_PAIR2@@PAX@std@@@std@@@std@@QAEXPAU?$_List_node@U_PAIR2@@PAX@2@I@Z 00433da0 f i HarrisCorners.obj
 0001:00032de0       ?deallocate@?$_Wrap_alloc@V?$allocator@U?$_List_node@U_PAIR@@PAX@std@@@std@@@std@@QAEXPAU?$_List_node@U_PAIR@@PAX@2@I@Z 00433de0 f i HarrisCorners.obj
 0001:00032e20       ?deallocate@?$_Wrap_alloc@V?$allocator@U_Container_proxy@std@@@std@@@std@@QAEXPAU_Container_proxy@2@I@Z 00433e20 f i HarrisCorners.obj
 0001:00032e60       ?deallocate@?$allocator@U?$_List_node@U_CORNER@@PAX@std@@@std@@QAEXPAU?$_List_node@U_CORNER@@PAX@2@I@Z 00433e60 f i HarrisCorners.obj
 0001:00032ea0       ?deallocate@?$allocator@U?$_List_node@U_DOT@@PAX@std@@@std@@QAEXPAU?$_List_node@U_DOT@@PAX@2@I@Z 00433ea0 f i HarrisCorners.obj
 0001:00032ee0       ?deallocate@?$allocator@U?$_List_node@U_PAIR2@@PAX@std@@@std@@QAEXPAU?$_List_node@U_PAIR2@@PAX@2@I@Z 00433ee0 f i HarrisCorners.obj
 0001:00032f20       ?deallocate@?$allocator@U?$_List_node@U_PAIR@@PAX@std@@@std@@QAEXPAU?$_List_node@U_PAIR@@PAX@2@I@Z 00433f20 f i HarrisCorners.obj
 0001:00032f60       ?deallocate@?$allocator@U_Container_proxy@std@@@std@@QAEXPAU_Container_proxy@2@I@Z 00433f60 f i HarrisCorners.obj
 0001:00032fa0       ?end@?$list@U_CORNER@@V?$allocator@U_CORNER@@@std@@@std@@QAE?AV?$_List_iterator@V?$_List_val@U?$_List_simple_types@U_CORNER@@@std@@@std@@@2@XZ 00433fa0 f i HarrisCorners.obj
 0001:00032ff0       ?end@?$list@U_DOT@@V?$allocator@U_DOT@@@std@@@std@@QAE?AV?$_List_iterator@V?$_List_val@U?$_List_simple_types@U_DOT@@@std@@@std@@@2@XZ 00433ff0 f i HarrisCorners.obj
 0001:00033040       ?end@?$list@U_PAIR2@@V?$allocator@U_PAIR2@@@std@@@std@@QAE?AV?$_List_iterator@V?$_List_val@U?$_List_simple_types@U_PAIR2@@@std@@@std@@@2@XZ 00434040 f i HarrisCorners.obj
 0001:00033090       ?end@?$list@U_PAIR@@V?$allocator@U_PAIR@@@std@@@std@@QAE?AV?$_List_iterator@V?$_List_val@U?$_List_simple_types@U_PAIR@@@std@@@std@@@2@XZ 00434090 f i HarrisCorners.obj
 0001:000330e0       ?erase@?$list@U_DOT@@V?$allocator@U_DOT@@@std@@@std@@QAE?AV?$_List_iterator@V?$_List_val@U?$_List_simple_types@U_DOT@@@std@@@std@@@2@V?$_List_const_iterator@V?$_List_val@U?$_List_simple_types@U_DOT@@@std@@@std@@@2@@Z 004340e0 f i HarrisCorners.obj
 0001:00033200       ?erase@?$list@U_PAIR2@@V?$allocator@U_PAIR2@@@std@@@std@@QAE?AV?$_List_iterator@V?$_List_val@U?$_List_simple_types@U_PAIR2@@@std@@@std@@@2@V?$_List_const_iterator@V?$_List_val@U?$_List_simple_types@U_PAIR2@@@std@@@std@@@2@@Z 00434200 f i HarrisCorners.obj
 0001:00033320       ?erase@?$list@U_PAIR@@V?$allocator@U_PAIR@@@std@@@std@@QAE?AV?$_List_iterator@V?$_List_val@U?$_List_simple_types@U_PAIR@@@std@@@std@@@2@V?$_List_const_iterator@V?$_List_val@U?$_List_simple_types@U_PAIR@@@std@@@std@@@2@@Z 00434320 f i HarrisCorners.obj
 0001:00033440       ?exp@@YAMM@Z               00434440 f i HarrisCorners.obj
 0001:00033470       ?fabs@@YAMM@Z              00434470 f i HarrisCorners.obj
 0001:000334a0       ?log@@YAMM@Z               004344a0 f i HarrisCorners.obj
 0001:000334d0       ?max_size@?$_Wrap_alloc@V?$allocator@U?$_List_node@U_CORNER@@PAX@std@@@std@@@std@@QBEIXZ 004344d0 f i HarrisCorners.obj
 0001:00033510       ?max_size@?$_Wrap_alloc@V?$allocator@U?$_List_node@U_DOT@@PAX@std@@@std@@@std@@QBEIXZ 00434510 f i HarrisCorners.obj
 0001:00033550       ?max_size@?$_Wrap_alloc@V?$allocator@U?$_List_node@U_PAIR2@@PAX@std@@@std@@@std@@QBEIXZ 00434550 f i HarrisCorners.obj
 0001:00033590       ?max_size@?$_Wrap_alloc@V?$allocator@U?$_List_node@U_PAIR@@PAX@std@@@std@@@std@@QBEIXZ 00434590 f i HarrisCorners.obj
[...]
 0004:000004d4       __imp_?GetThisMessageMap@CWinApp@@KGPBUAFX_MSGMAP@@XZ 004594d4     mfc120ud:mfc120ud.dll
 0004:000004d8       __imp_?LoadSysPolicies@CWinApp@@UAEHXZ 004594d8     mfc120ud:mfc120ud.dll
 0004:000004dc       __imp_?AfxEnableControlContainer@@YAXPAVCOccManager@@@Z 004594dc     mfc120ud:mfc120ud.dll
 0004:000004e0       __imp_??2CObject@@SGPAXIPBDH@Z 004594e0     mfc120ud:mfc120ud.dll
 0004:000004e4       __imp_??3CObject@@SGXPAXPBDH@Z 004594e4     mfc120ud:mfc120ud.dll
 0004:000004e8       __imp_?Format@?$CStringT@_WV?$StrTraitMFC_DLL@_WV?$ChTraitsCRT@_W@ATL@@@@@ATL@@QAAXPB_WZZ 004594e8     mfc120ud:mfc120ud.dll
 0004:000004ec       __imp_??2@YAPAXIPBDH@Z     004594ec     mfc120ud:mfc120ud.dll
 0004:000004f0       __imp_??_U@YAPAXIPBDH@Z    004594f0     mfc120ud:mfc120ud.dll
 0004:000004f4       __imp_?DrawIcon@CDC@@QAEHHHPAUHICON__@@@Z 004594f4     mfc120ud:mfc120ud.dll
 0004:000004f8       __imp_?SendMessageW@CWnd@@QBEJIIJ@Z 004594f8     mfc120ud:mfc120ud.dll
 0004:000004fc       __imp_?IsIconic@CWnd@@QBEHXZ 004594fc     mfc120ud:mfc120ud.dll
 0004:00000500       __imp_?GetClientRect@CWnd@@QBEXPAUtagRECT@@@Z 00459500     mfc120ud:mfc120ud.dll
 0004:00000504       __imp_?ShowWindow@CWnd@@QAEHH@Z 00459504     mfc120ud:mfc120ud.dll
 0004:00000508       __imp_?CenterWindow@CWnd@@QAEXPAV1@@Z 00459508     mfc120ud:mfc120ud.dll
 0004:0000050c       __imp_?OnSysCommand@CWnd@@IAEXIJ@Z 0045950c     mfc120ud:mfc120ud.dll
 0004:00000510       __imp_?GetRuntimeClass@CDialog@@UBEPAUCRuntimeClass@@XZ 00459510     mfc120ud:mfc120ud.dll
 0004:00000514       __imp_?AfxGetApp@@YGPAVCWinApp@@XZ 00459514     mfc120ud:mfc120ud.dll
 0004:00000518       __imp_?AfxGetMainWnd@@YGPAVCWnd@@XZ 00459518     mfc120ud:mfc120ud.dll
 0004:0000051c       __imp_?LoadIconW@CWinApp@@QBEPAUHICON__@@I@Z 0045951c     mfc120ud:mfc120ud.dll
 0004:00000520       __imp_?GetStartPosition@CFileDialog@@QBEPAU__POSITION@@XZ 00459520     mfc120ud:mfc120ud.dll
 0004:00000524       __imp_?GetNextPathName@CFileDialog@@QBE?AV?$CStringT@_WV?$StrTraitMFC_DLL@_WV?$ChTraitsCRT@_W@ATL@@@@@ATL@@AAPAU__POSITION@@@Z 00459524     mfc120ud:mfc120ud.dll
 0004:00000528       __imp_?OnOK@CDialog@@MAEXXZ 00459528     mfc120ud:mfc120ud.dll
 0004:0000052c       __imp_?OnSetFont@CDialog@@UAEXPAVCFont@@@Z 0045952c     mfc120ud:mfc120ud.dll
 0004:00000530       __imp_?OnInitDialog@CDialog@@UAEHXZ 00459530     mfc120ud:mfc120ud.dll
 0004:00000534       __imp_?DoModal@CDialog@@UAEHXZ 00459534     mfc120ud:mfc120ud.dll
 0004:00000538       __imp_??0CDialog@@QAE@IPAVCWnd@@@Z 00459538     mfc120ud:mfc120ud.dll
 0004:0000053c       __imp_?CreateIndirect@CDialog@@UAEHPAXPAVCWnd@@@Z 0045953c     mfc120ud:mfc120ud.dll
 0004:00000540       __imp_?CreateIndirect@CDialog@@UAEHPBUDLGTEMPLATE@@PAVCWnd@@PAX@Z 00459540     mfc120ud:mfc120ud.dll
 0004:00000544       __imp_?Create@CDialog@@UAEHIPAVCWnd@@@Z 00459544     mfc120ud:mfc120ud.dll
 0004:00000548       __imp_?Create@CDialog@@UAEHPB_WPAVCWnd@@@Z 00459548     mfc120ud:mfc120ud.dll
 0004:0000054c       __imp_??0CDialog@@QAE@XZ   0045954c     mfc120ud:mfc120ud.dll
 0004:00000550       __imp_?GetThisClass@CDialog@@SGPAUCRuntimeClass@@XZ 00459550     mfc120ud:mfc120ud.dll
 0004:00000554       __imp_?CreateControlSite@CWnd@@MAEHPAVCOleControlContainer@@PAPAVCOleControlSite@@IABU_GUID@@@Z 00459554     mfc120ud:mfc120ud.dll
 0004:00000558       __imp_?CreateControlContainer@CWnd@@MAEHPAPAVCOleControlContainer@@@Z 00459558     mfc120ud:mfc120ud.dll
 0004:0000055c       __imp_?OnFinalRelease@CWnd@@UAEXXZ 0045955c     mfc120ud:mfc120ud.dll
 0004:00000560       __imp_?IsFrameWnd@CWnd@@UBEHXZ 00459560     mfc120ud:mfc120ud.dll
 0004:00000564       __imp_?OnGesturePressAndTap@CWnd@@MAEHVCPoint@@J@Z 00459564     mfc120ud:mfc120ud.dll
 0004:00000568       __imp_?OnGestureTwoFingerTap@CWnd@@MAEHVCPoint@@@Z 00459568     mfc120ud:mfc120ud.dll
 0004:0000056c       __imp_?OnGestureRotate@CWnd@@MAEHVCPoint@@N@Z 0045956c     mfc120ud:mfc120ud.dll
 0004:00000570       __imp_?OnGesturePan@CWnd@@MAEHVCPoint@@0@Z 00459570     mfc120ud:mfc120ud.dll
 0004:00000574       __imp_?OnGestureZoom@CWnd@@MAEHVCPoint@@J@Z 00459574     mfc120ud:mfc120ud.dll
 0004:00000578       __imp_?GetGestureStatus@CWnd@@MAEKVCPoint@@@Z 00459578     mfc120ud:mfc120ud.dll
 0004:0000057c       __imp_?OnTouchInput@CWnd@@MAEHVCPoint@@HHPAUtagTOUCHINPUT@@@Z 0045957c     mfc120ud:mfc120ud.dll
 0004:00000580       __imp_?OnTouchInputs@CWnd@@MAEHIPAUtagTOUCHINPUT@@@Z 00459580     mfc120ud:mfc120ud.dll
 0004:00000584       __imp_?OnChildNotify@CWnd@@MAEHIIJPAJ@Z 00459584     mfc120ud:mfc120ud.dll
 0004:00000588       __imp_?PostNcDestroy@CWnd@@MAEXXZ 00459588     mfc120ud:mfc120ud.dll
 0004:0000058c       __imp_?GetRuntimeClass@CWinApp@@UBEPAUCRuntimeClass@@XZ 0045958c     mfc120ud:mfc120ud.dll
 0004:00000590       __imp_?OnWndMsg@CWnd@@MAEHIIJPAJ@Z 00459590     mfc120ud:mfc120ud.dll
 0004:00000594       __imp_?WindowProc@CWnd@@MAEJIIJ@Z 00459594     mfc120ud:mfc120ud.dll
 0004:00000598       __imp_?OnAmbientProperty@CWnd@@UAEHPAVCOleControlSite@@JPAUtagVARIANT@@@Z 00459598     mfc120ud:mfc120ud.dll
 0004:0000059c       __imp_?EndModalState@CWnd@@UAEXXZ 0045959c     mfc120ud:mfc120ud.dll
 0004:000005a0       __imp_?BeginModalState@CWnd@@UAEXXZ 004595a0     mfc120ud:mfc120ud.dll
 0004:000005a4       __imp_?DoDataExchange@CWnd@@MAEXPAVCDataExchange@@@Z 004595a4     mfc120ud:mfc120ud.dll
 0004:000005a8       __imp_?GetSuperWndProcAddr@CWnd@@MAEPAP6GJPAUHWND__@@IIJ@ZXZ 004595a8     mfc120ud:mfc120ud.dll
 0004:000005ac       __imp_?OnNotify@CWnd@@MAEHIJPAJ@Z 004595ac     mfc120ud:mfc120ud.dll
 0004:000005b0       __imp_?OnCommand@CWnd@@MAEHIJ@Z 004595b0     mfc120ud:mfc120ud.dll
 0004:000005b4       __imp_?CreateAccessibleProxy@CWnd@@UAEJIJPAJ@Z 004595b4     mfc120ud:mfc120ud.dll
 0004:000005b8       __imp_?SetProxy@CWnd@@UAEJPAUIAccessibleProxy@@@Z 004595b8     mfc120ud:mfc120ud.dll
 0004:000005bc       __imp_?put_accValue@CWnd@@UAEJUtagVARIANT@@PA_W@Z 004595bc     mfc120ud:mfc120ud.dll
 0004:000005c0       __imp_?put_accName@CWnd@@UAEJUtagVARIANT@@PA_W@Z 004595c0     mfc120ud:mfc120ud.dll
 0004:000005c4       __imp_?accDoDefaultAction@CWnd@@UAEJUtagVARIANT@@@Z 004595c4     mfc120ud:mfc120ud.dll
 0004:000005c8       __imp_?accHitTest@CWnd@@UAEJJJPAUtagVARIANT@@@Z 004595c8     mfc120ud:mfc120ud.dll
 0004:000005cc       __imp_?accNavigate@CWnd@@UAEJJUtagVARIANT@@PAU2@@Z 004595cc     mfc120ud:mfc120ud.dll
 0004:000005d0       __imp_?accLocation@CWnd@@UAEJPAJ000UtagVARIANT@@@Z 004595d0     mfc120ud:mfc120ud.dll
 0004:000005d4       __imp_?accSelect@CWnd@@UAEJJUtagVARIANT@@@Z 004595d4     mfc120ud:mfc120ud.dll
 0004:000005d8       __imp_?get_accDefaultAction@CWnd@@UAEJUtagVARIANT@@PAPA_W@Z 004595d8     mfc120ud:mfc120ud.dll
 0004:000005dc       __imp_?get_accSelection@CWnd@@UAEJPAUtagVARIANT@@@Z 004595dc     mfc120ud:mfc120ud.dll
 0004:000005e0       __imp_?get_accFocus@CWnd@@UAEJPAUtagVARIANT@@@Z 004595e0     mfc120ud:mfc120ud.dll
 0004:000005e4       __imp_?get_accKeyboardShortcut@CWnd@@UAEJUtagVARIANT@@PAPA_W@Z 004595e4     mfc120ud:mfc120ud.dll
 0004:000005e8       __imp_?get_accHelpTopic@CWnd@@UAEJPAPA_WUtagVARIANT@@PAJ@Z 004595e8     mfc120ud:mfc120ud.dll
 0004:000005ec       __imp_?get_accHelp@CWnd@@UAEJUtagVARIANT@@PAPA_W@Z 004595ec     mfc120ud:mfc120ud.dll
 0004:000005f0       __imp_?get_accState@CWnd@@UAEJUtagVARIANT@@PAU2@@Z 004595f0     mfc120ud:mfc120ud.dll
 0004:000005f4       __imp_?get_accRole@CWnd@@UAEJUtagVARIANT@@PAU2@@Z 004595f4     mfc120ud:mfc120ud.dll
 0004:000005f8       __imp_?get_accDescription@CWnd@@UAEJUtagVARIANT@@PAPA_W@Z 004595f8     mfc120ud:mfc120ud.dll
 0004:000005fc       __imp_?get_accValue@CWnd@@UAEJUtagVARIANT@@PAPA_W@Z 004595fc     mfc120ud:mfc120ud.dll
 0004:00000600       __imp_?get_accName@CWnd@@UAEJUtagVARIANT@@PAPA_W@Z 00459600     mfc120ud:mfc120ud.dll
 0004:00000604       __imp_?get_accChild@CWnd@@UAEJUtagVARIANT@@PAPAUIDispatch@@@Z 00459604     mfc120ud:mfc120ud.dll
 0004:00000608       __imp_?get_accChildCount@CWnd@@UAEJPAJ@Z 00459608     mfc120ud:mfc120ud.dll
 0004:0000060c       __imp_?get_accParent@CWnd@@UAEJPAPAUIDispatch@@@Z 0045960c     mfc120ud:mfc120ud.dll
 0004:00000610       __imp_?EnsureStdObj@CWnd@@UAEJXZ 00459610     mfc120ud:mfc120ud.dll
 0004:00000614       __imp_?GetInterfaceMap@CWnd@@MBEPBUAFX_INTERFACEMAP@@XZ 00459614     mfc120ud:mfc120ud.dll
 0004:00000618       __imp_?OnDrawIconicThumbnailOrLivePreview@CWnd@@UAEXAAVCDC@@VCRect@@VCSize@@HAAH@Z 00459618     mfc120ud:mfc120ud.dll
 0004:0000061c       __imp_?EndModalLoop@CWnd@@UAEXH@Z 0045961c     mfc120ud:mfc120ud.dll
 0004:00000620       __imp_?ContinueModal@CWnd@@UAEHXZ 00459620     mfc120ud:mfc120ud.dll
 0004:00000624       __imp_?WinHelpInternal@CWnd@@UAEXKI@Z 00459624     mfc120ud:mfc120ud.dll
 0004:00000628       __imp_?HtmlHelpW@CWnd@@UAEXKI@Z 00459628     mfc120ud:mfc120ud.dll
 0004:0000062c       __imp_?WinHelpW@CWnd@@UAEXKI@Z 0045962c     mfc120ud:mfc120ud.dll
 0004:00000630       __imp_?SetIcon@CWnd@@QAEPAUHICON__@@PAU2@H@Z 00459630     mfc120ud:mfc120ud.dll
 0004:00000634       __imp_?GetScrollBarCtrl@CWnd@@UBEPAVCScrollBar@@H@Z 00459634     mfc120ud:mfc120ud.dll
 0004:00000638       __imp_?OnToolHitTest@CWnd@@UBEHVCPoint@@PAUtagTOOLINFOW@@@Z 00459638     mfc120ud:mfc120ud.dll
 0004:0000063c       __imp_?GetWindowRect@CWnd@@QBEXPAUtagRECT@@@Z 0045963c     mfc120ud:mfc120ud.dll
 0004:00000640       __imp_?SetWindowPos@CWnd@@QAEHPBV1@HHHHI@Z 00459640     mfc120ud:mfc120ud.dll
 0004:00000644       __imp_?GetSystemMenu@CWnd@@QBEPAVCMenu@@H@Z 00459644     mfc120ud:mfc120ud.dll
 0004:00000648       __imp_?SetMenu@CWnd@@UAEHPAVCMenu@@@Z 00459648     mfc120ud:mfc120ud.dll
 0004:0000064c       __imp_?GetMenu@CWnd@@UBEPAVCMenu@@XZ 0045964c     mfc120ud:mfc120ud.dll
 0004:00000650       __imp_?GetDlgItem@CWnd@@QBEPAV1@H@Z 00459650     mfc120ud:mfc120ud.dll
 0004:00000654       __imp_?CalcWindowRect@CWnd@@UAEXPAUtagRECT@@I@Z 00459654     mfc120ud:mfc120ud.dll
 0004:00000658       __imp_?PreCreateWindow@CWnd@@UAEHAAUtagCREATESTRUCTW@@@Z 00459658     mfc120ud:mfc120ud.dll
 0004:0000065c       __imp_?DestroyWindow@CWnd@@UAEHXZ 0045965c     mfc120ud:mfc120ud.dll
 0004:00000660       __imp_?CreateEx@CWnd@@UAEHKPB_W0KABUtagRECT@@PAV1@IPAX@Z 00459660     mfc120ud:mfc120ud.dll
 0004:00000664       __imp_?CreateEx@CWnd@@UAEHKPB_W0KHHHHPAUHWND__@@PAUHMENU__@@PAX@Z 00459664     mfc120ud:mfc120ud.dll
 0004:00000668       __imp_?Create@CWnd@@UAEHPB_W0KABUtagRECT@@PAV1@IPAUCCreateContext@@@Z 00459668     mfc120ud:mfc120ud.dll
 0004:0000066c       __imp_?PreSubclassWindow@CWnd@@UAEXXZ 0045966c     mfc120ud:mfc120ud.dll
 0004:00000670       __imp_?GetConnectionHook@CCmdTarget@@MAEPAUIConnectionPoint@@ABU_GUID@@@Z 00459670     mfc120ud:mfc120ud.dll
 0004:00000674       __imp_?GetExtraConnectionPoints@CCmdTarget@@MAEHPAVCPtrArray@@@Z 00459674     mfc120ud:mfc120ud.dll
 0004:00000678       __imp_?GetInterfaceHook@CCmdTarget@@UAEPAUIUnknown@@PBX@Z 00459678     mfc120ud:mfc120ud.dll
 0004:0000067c       __imp_?OnCreateAggregates@CCmdTarget@@UAEHXZ 0045967c     mfc120ud:mfc120ud.dll
 0004:00000680       __imp_?GetEventSinkMap@CCmdTarget@@MBEPBUAFX_EVENTSINKMAP@@XZ 00459680     mfc120ud:mfc120ud.dll
 0004:00000684       __imp_?GetConnectionMap@CCmdTarget@@MBEPBUAFX_CONNECTIONMAP@@XZ 00459684     mfc120ud:mfc120ud.dll
 0004:00000688       __imp_?GetDispatchMap@CCmdTarget@@MBEPBUAFX_DISPMAP@@XZ 00459688     mfc120ud:mfc120ud.dll
 0004:0000068c       __imp_?GetCommandMap@CCmdTarget@@MBEPBUAFX_OLECMDMAP@@XZ 0045968c     mfc120ud:mfc120ud.dll
 0004:00000690       __imp_?GetTypeLib@CCmdTarget@@UAEJKPAPAUITypeLib@@@Z 00459690     mfc120ud:mfc120ud.dll
 0004:00000694       __imp_?GetTypeLibCache@CCmdTarget@@UAEPAVCTypeLibCache@@XZ 00459694     mfc120ud:mfc120ud.dll
 0004:00000698       __imp_?GetTypeInfoCount@CCmdTarget@@UAEIXZ 00459698     mfc120ud:mfc120ud.dll
 0004:0000069c       __imp_?GetDispatchIID@CCmdTarget@@UAEHPAU_GUID@@@Z 0045969c     mfc120ud:mfc120ud.dll
 0004:000006a0       __imp_?IsInvokeAllowed@CCmdTarget@@UAEHJ@Z 004596a0     mfc120ud:mfc120ud.dll
 0004:000006a4       __imp_?DDX_Control@@YGXPAVCDataExchange@@HAAVCWnd@@@Z 004596a4     mfc120ud:mfc120ud.dll
 0004:000006a8       __imp_?AppendMenuW@CMenu@@QAEHIIPB_W@Z 004596a8     mfc120ud:mfc120ud.dll
 0004:000006ac       __imp_??1CPaintDC@@UAE@XZ  004596ac     mfc120ud:mfc120ud.dll
 0004:000006b0       __imp_?Delete@CWinThread@@UAEXXZ 004596b0     mfc120ud:mfc120ud.dll
 0004:000006b4       __imp_?GetMainWnd@CWinThread@@UAEPAVCWnd@@XZ 004596b4     mfc120ud:mfc120ud.dll
 0004:000006b8       __imp_?ProcessMessageFilter@CWinThread@@UAEHHPAUtagMSG@@@Z 004596b8     mfc120ud:mfc120ud.dll
 0004:000006bc       __imp_??0CPaintDC@@QAE@PAVCWnd@@@Z 004596bc     mfc120ud:mfc120ud.dll
 0004:000006c0       __imp_?GetSafeHdc@CDC@@QBEPAUHDC__@@XZ 004596c0     mfc120ud:mfc120ud.dll
 0004:000006c4       __imp_?LoadStringW@?$CStringT@_WV?$StrTraitMFC_DLL@_WV?$ChTraitsCRT@_W@ATL@@@@@ATL@@QAEHI@Z 004596c4     mfc120ud:mfc120ud.dll
 0004:000006c8       __imp_?Tokenize@?$CStringT@_WV?$StrTraitMFC_DLL@_WV?$ChTraitsCRT@_W@ATL@@@@@ATL@@QBE?AV12@PB_WAAH@Z 004596c8     mfc120ud:mfc120ud.dll
 0004:000006cc       __imp_?CompareNoCase@?$CStringT@_WV?$StrTraitMFC_DLL@_WV?$ChTraitsCRT@_W@ATL@@@@@ATL@@QBEHPB_W@Z 004596cc     mfc120ud:mfc120ud.dll
 0004:000006d0       __imp_?GetManager@?$CStringT@_WV?$StrTraitMFC_DLL@_WV?$ChTraitsCRT@_W@ATL@@@@@ATL@@QBEPAUIAtlStringMgr@2@XZ 004596d0     mfc120ud:mfc120ud.dll
 0004:000006d4       __imp_??4?$CStringT@_WV?$StrTraitMFC_DLL@_WV?$ChTraitsCRT@_W@ATL@@@@@ATL@@QAEAAV01@PBD@Z 004596d4     mfc120ud:mfc120ud.dll
 0004:000006d8       __imp_??4?$CStringT@_WV?$StrTraitMFC_DLL@_WV?$ChTraitsCRT@_W@ATL@@@@@ATL@@QAEAAV01@PB_W@Z 004596d8     mfc120ud:mfc120ud.dll
 0004:000006dc       __imp_??4?$CStringT@_WV?$StrTraitMFC_DLL@_WV?$ChTraitsCRT@_W@ATL@@@@@ATL@@QAEAAV01@ABV01@@Z 004596dc     mfc120ud:mfc120ud.dll
 0004:000006e0       __imp_??1?$CStringT@_WV?$StrTraitMFC_DLL@_WV?$ChTraitsCRT@_W@ATL@@@@@ATL@@QAE@XZ 004596e0     mfc120ud:mfc120ud.dll
 0004:000006e4       __imp_??0?$CStringT@_WV?$StrTraitMFC_DLL@_WV?$ChTraitsCRT@_W@ATL@@@@@ATL@@QAE@PB_W@Z 004596e4     mfc120ud:mfc120ud.dll
 0004:000006e8       __imp_??0?$CStringT@_WV?$StrTraitMFC_DLL@_WV?$ChTraitsCRT@_W@ATL@@@@@ATL@@QAE@ABV01@@Z 004596e8     mfc120ud:mfc120ud.dll
 0004:000006ec       __imp_??0?$CStringT@_WV?$StrTraitMFC_DLL@_WV?$ChTraitsCRT@_W@ATL@@@@@ATL@@QAE@PAUIAtlStringMgr@1@@Z 004596ec     mfc120ud:mfc120ud.dll
 0004:000006f0       __imp_??0?$CStringT@_WV?$StrTraitMFC_DLL@_WV?$ChTraitsCRT@_W@ATL@@@@@ATL@@QAE@XZ 004596f0     mfc120ud:mfc120ud.dll
 0004:000006f4       __imp_?IsIdleMessage@CWinThread@@UAEHPAUtagMSG@@@Z 004596f4     mfc120ud:mfc120ud.dll
 0004:000006f8       __imp_?PumpMessage@CWinThread@@UAEHXZ 004596f8     mfc120ud:mfc120ud.dll
 0004:000006fc       __imp_?PreTranslateMessage@CWinThread@@UAEHPAUtagMSG@@@Z 004596fc     mfc120ud:mfc120ud.dll
 0004:00000700       __imp_?GetInterfaceMap@CCmdTarget@@MBEPBUAFX_INTERFACEMAP@@XZ 00459700     mfc120ud:mfc120ud.dll
 0004:00000704       __imp_?OnFinalRelease@CCmdTarget@@UAEXXZ 00459704     mfc120ud:mfc120ud.dll
 0004:00000708       __imp_?OnCmdMsg@CCmdTarget@@UAEHIHPAXPAUAFX_CMDHANDLERINFO@@@Z 00459708     mfc120ud:mfc120ud.dll
 0004:0000070c       __imp_??2@YAPAXI@Z         0045970c     mfc120ud:mfc120ud.dll
 0004:00000710       __imp_??_V@YAXPAX@Z        00459710     mfc120ud:mfc120ud.dll
 0004:00000714       __imp_??_U@YAPAXI@Z        00459714     mfc120ud:mfc120ud.dll
 0004:00000718       __imp_?DoModal@CFileDialog@@UAEHXZ 00459718     mfc120ud:mfc120ud.dll
 0004:0000071c       __imp_??1CFileDialog@@UAE@XZ 0045971c     mfc120ud:mfc120ud.dll
 0004:00000720       __imp_??0CFileDialog@@QAE@HPB_W0K0PAVCWnd@@KH@Z 00459720     mfc120ud:mfc120ud.dll
 0004:00000724       __imp_?GetOFN@CFileDialog@@QAEAAUtagOFNW@@XZ 00459724     mfc120ud:mfc120ud.dll
 0004:00000728       __imp_?AfxMessageBox@@YGHPB_WII@Z 00459728     mfc120ud:mfc120ud.dll
 0004:0000072c       __imp_??1CStatic@@UAE@XZ   0045972c     mfc120ud:mfc120ud.dll
 0004:00000730       __imp_??0CStatic@@QAE@XZ   00459730     mfc120ud:mfc120ud.dll
 0004:00000734       __imp_?GetThisMessageMap@CDialog@@KGPBUAFX_MSGMAP@@XZ 00459734     mfc120ud:mfc120ud.dll
 0004:00000738       __imp_?OnPaint@CDialog@@IAEXXZ 00459738     mfc120ud:mfc120ud.dll
 0004:0000073c       __imp_?PreInitDialog@CDialog@@MAEXXZ 0045973c     mfc120ud:mfc120ud.dll
 0004:00000740       __imp_?GetOccDialogInfo@CDialog@@MAEPAU_AFX_OCC_DIALOG_INFO@@XZ 00459740     mfc120ud:mfc120ud.dll
 0004:00000744       __imp_?SetOccDialogInfo@CDialog@@MAEHPAU_AFX_OCC_DIALOG_INFO@@@Z 00459744     mfc120ud:mfc120ud.dll
 0004:00000748       __imp_?CheckAutoCenter@CDialog@@UAEHXZ 00459748     mfc120ud:mfc120ud.dll
 0004:0000074c       __imp_?OnCmdMsg@CDialog@@UAEHIHPAXPAUAFX_CMDHANDLERINFO@@@Z 0045974c     mfc120ud:mfc120ud.dll
 0004:00000750       __imp_?PreTranslateMessage@CDialog@@UAEHPAUtagMSG@@@Z 00459750     mfc120ud:mfc120ud.dll
 0004:00000754       __imp_?Dump@CDialog@@UBEXAAVCDumpContext@@@Z 00459754     mfc120ud:mfc120ud.dll
 0004:00000758       __imp_?AssertValid@CDialog@@UBEXXZ 00459758     mfc120ud:mfc120ud.dll
 0004:0000075c       __imp_?DefWindowProcW@CWnd@@MAEJIIJ@Z 0045975c     mfc120ud:mfc120ud.dll
 0004:00000760       __imp_??1CDialog@@UAE@XZ   00459760     mfc120ud:mfc120ud.dll
 0004:00000764       __imp_?Concatenate@?$CSimpleStringT@_W$00@ATL@@KAXAAV12@PB_WH1H@Z 00459764     mfc120ud:mfc120ud.dll
 0004:00000768       __imp_?StringLength@?$CSimpleStringT@_W$00@ATL@@SAHPB_W@Z 00459768     mfc120ud:mfc120ud.dll
 0004:0000076c       __imp_?IsEmpty@?$CSimpleStringT@_W$00@ATL@@QBE_NXZ 0045976c     mfc120ud:mfc120ud.dll
 0004:00000770       __imp_?GetLength@?$CSimpleStringT@_W$00@ATL@@QBEHXZ 00459770     mfc120ud:mfc120ud.dll
 0004:00000774       __imp_??B?$CSimpleStringT@_W$00@ATL@@QBEPB_WXZ 00459774     mfc120ud:mfc120ud.dll
 0004:00000778       __imp_?Serialize@CObject@@UAEXAAVCArchive@@@Z 00459778     mfc120ud:mfc120ud.dll
 0004:0000077c       __imp_??3CObject@@SGXPAX@Z 0045977c     mfc120ud:mfc120ud.dll
 0004:00000780       __imp_?AfxThrowOleException@@YGXJ@Z 00459780     mfc120ud:mfc120ud.dll
 0004:00000784       __imp_?AfxThrowInvalidArgException@@YGXXZ 00459784     mfc120ud:mfc120ud.dll
 0004:00000788       __imp_?AfxThrowMemoryException@@YGXXZ 00459788     mfc120ud:mfc120ud.dll
 0004:0000078c       __imp_?ExitInstance@CWinApp@@UAEHXZ 0045978c     mfc120ud:mfc120ud.dll
 0004:00000790       __imp_??3@YAXPAX@Z         00459790     mfc120ud:mfc120ud.dll
 0004:00000794       __imp_?AfxAssertFailedLine@@YGHPBDH@Z 00459794     mfc120ud:mfc120ud.dll
 0004:00000798       __imp_?AfxGetModuleState@@YGPAVAFX_MODULE_STATE@@XZ 00459798     mfc120ud:mfc120ud.dll
 0004:0000079c       __imp_?AfxWinMain@@YGHPAUHINSTANCE__@@0PA_WH@Z 0045979c     mfc120ud:mfc120ud.dll
 0004:000007a0       \177mfc120ud_NULL_THUNK_DATA 004597a0     mfc120ud:mfc120ud.dll
 0004:00000878       __IMPORT_DESCRIPTOR_mfc120ud 00459878     mfc120ud:mfc120ud.dll
 0004:0000088c       __IMPORT_DESCRIPTOR_MSVCR120D 0045988c     msvcrtd:MSVCR120D.dll
 0004:000008a0       __IMPORT_DESCRIPTOR_KERNEL32 004598a0     kernel32:KERNEL32.dll
 0004:000008b4       __IMPORT_DESCRIPTOR_USER32 004598b4     user32:USER32.dll
 0004:000008c8       __IMPORT_DESCRIPTOR_GDI32  004598c8     gdi32:GDI32.dll
 0004:000008dc       __IMPORT_DESCRIPTOR_COMCTL32 004598dc     comctl32:COMCTL32.dll
 0004:000008f0       __IMPORT_DESCRIPTOR_SHLWAPI 004598f0     shlwapi:SHLWAPI.dll
 0004:00000904       __IMPORT_DESCRIPTOR_OLEAUT32 00459904     oleaut32:OLEAUT32.dll
 0004:00000918       __IMPORT_DESCRIPTOR_gdiplus 00459918     gdiplus:gdiplus.dll
 0004:0000092c       __IMPORT_DESCRIPTOR_MSVCP120D 0045992c     msvcprtd:MSVCP120D.dll
 0004:00000940       __NULL_IMPORT_DESCRIPTOR   00459940     mfc120ud:mfc120ud.dll
